Archive member included to satisfy reference by file (symbol)

f:/stm32cubeide_1.3.0/stm32cubeide/plugins/com.st.stm32cube.ide.mcu.externaltools.gnu-tools-for-stm32.9-2020-q2-update.win32_1.5.0.202011040924/tools/bin/../lib/gcc/arm-none-eabi/9.3.1/../../../../arm-none-eabi/lib/thumb/v7-m/nofp\libc_nano.a(lib_a-errno.o)
                              Core/Src/syscalls.o (__errno)
f:/stm32cubeide_1.3.0/stm32cubeide/plugins/com.st.stm32cube.ide.mcu.externaltools.gnu-tools-for-stm32.9-2020-q2-update.win32_1.5.0.202011040924/tools/bin/../lib/gcc/arm-none-eabi/9.3.1/../../../../arm-none-eabi/lib/thumb/v7-m/nofp\libc_nano.a(lib_a-exit.o)
                              f:/stm32cubeide_1.3.0/stm32cubeide/plugins/com.st.stm32cube.ide.mcu.externaltools.gnu-tools-for-stm32.9-2020-q2-update.win32_1.5.0.202011040924/tools/bin/../lib/gcc/arm-none-eabi/9.3.1/../../../../arm-none-eabi/lib/thumb/v7-m/nofp/crt0.o (exit)
f:/stm32cubeide_1.3.0/stm32cubeide/plugins/com.st.stm32cube.ide.mcu.externaltools.gnu-tools-for-stm32.9-2020-q2-update.win32_1.5.0.202011040924/tools/bin/../lib/gcc/arm-none-eabi/9.3.1/../../../../arm-none-eabi/lib/thumb/v7-m/nofp\libc_nano.a(lib_a-impure.o)
                              f:/stm32cubeide_1.3.0/stm32cubeide/plugins/com.st.stm32cube.ide.mcu.externaltools.gnu-tools-for-stm32.9-2020-q2-update.win32_1.5.0.202011040924/tools/bin/../lib/gcc/arm-none-eabi/9.3.1/../../../../arm-none-eabi/lib/thumb/v7-m/nofp\libc_nano.a(lib_a-exit.o) (_global_impure_ptr)
f:/stm32cubeide_1.3.0/stm32cubeide/plugins/com.st.stm32cube.ide.mcu.externaltools.gnu-tools-for-stm32.9-2020-q2-update.win32_1.5.0.202011040924/tools/bin/../lib/gcc/arm-none-eabi/9.3.1/../../../../arm-none-eabi/lib/thumb/v7-m/nofp\libc_nano.a(lib_a-init.o)
                              f:/stm32cubeide_1.3.0/stm32cubeide/plugins/com.st.stm32cube.ide.mcu.externaltools.gnu-tools-for-stm32.9-2020-q2-update.win32_1.5.0.202011040924/tools/bin/../lib/gcc/arm-none-eabi/9.3.1/../../../../arm-none-eabi/lib/thumb/v7-m/nofp/crt0.o (__libc_init_array)
f:/stm32cubeide_1.3.0/stm32cubeide/plugins/com.st.stm32cube.ide.mcu.externaltools.gnu-tools-for-stm32.9-2020-q2-update.win32_1.5.0.202011040924/tools/bin/../lib/gcc/arm-none-eabi/9.3.1/../../../../arm-none-eabi/lib/thumb/v7-m/nofp\libc_nano.a(lib_a-memset.o)
                              f:/stm32cubeide_1.3.0/stm32cubeide/plugins/com.st.stm32cube.ide.mcu.externaltools.gnu-tools-for-stm32.9-2020-q2-update.win32_1.5.0.202011040924/tools/bin/../lib/gcc/arm-none-eabi/9.3.1/../../../../arm-none-eabi/lib/thumb/v7-m/nofp/crt0.o (memset)
f:/stm32cubeide_1.3.0/stm32cubeide/plugins/com.st.stm32cube.ide.mcu.externaltools.gnu-tools-for-stm32.9-2020-q2-update.win32_1.5.0.202011040924/tools/bin/../lib/gcc/arm-none-eabi/9.3.1/../../../../arm-none-eabi/lib/thumb/v7-m/nofp\libc_nano.a(lib_a-printf.o)
                              Core/Src/App/LcdSpeedTest/appLcdSpeedTest.o (printf)
f:/stm32cubeide_1.3.0/stm32cubeide/plugins/com.st.stm32cube.ide.mcu.externaltools.gnu-tools-for-stm32.9-2020-q2-update.win32_1.5.0.202011040924/tools/bin/../lib/gcc/arm-none-eabi/9.3.1/../../../../arm-none-eabi/lib/thumb/v7-m/nofp\libc_nano.a(lib_a-puts.o)
                              Core/Src/App/LcdSpeedTest/appLcdSpeedTest.o (puts)
f:/stm32cubeide_1.3.0/stm32cubeide/plugins/com.st.stm32cube.ide.mcu.externaltools.gnu-tools-for-stm32.9-2020-q2-update.win32_1.5.0.202011040924/tools/bin/../lib/gcc/arm-none-eabi/9.3.1/../../../../arm-none-eabi/lib/thumb/v7-m/nofp\libc_nano.a(lib_a-random.o)
                              Core/Src/App/LcdSpeedTest/appLcdSpeedTest.o (random)
f:/stm32cubeide_1.3.0/stm32cubeide/plugins/com.st.stm32cube.ide.mcu.externaltools.gnu-tools-for-stm32.9-2020-q2-update.win32_1.5.0.202011040924/tools/bin/../lib/gcc/arm-none-eabi/9.3.1/../../../../arm-none-eabi/lib/thumb/v7-m/nofp\libc_nano.a(lib_a-wbuf.o)
                              f:/stm32cubeide_1.3.0/stm32cubeide/plugins/com.st.stm32cube.ide.mcu.externaltools.gnu-tools-for-stm32.9-2020-q2-update.win32_1.5.0.202011040924/tools/bin/../lib/gcc/arm-none-eabi/9.3.1/../../../../arm-none-eabi/lib/thumb/v7-m/nofp\libc_nano.a(lib_a-puts.o) (__swbuf_r)
f:/stm32cubeide_1.3.0/stm32cubeide/plugins/com.st.stm32cube.ide.mcu.externaltools.gnu-tools-for-stm32.9-2020-q2-update.win32_1.5.0.202011040924/tools/bin/../lib/gcc/arm-none-eabi/9.3.1/../../../../arm-none-eabi/lib/thumb/v7-m/nofp\libc_nano.a(lib_a-wsetup.o)
                              f:/stm32cubeide_1.3.0/stm32cubeide/plugins/com.st.stm32cube.ide.mcu.externaltools.gnu-tools-for-stm32.9-2020-q2-update.win32_1.5.0.202011040924/tools/bin/../lib/gcc/arm-none-eabi/9.3.1/../../../../arm-none-eabi/lib/thumb/v7-m/nofp\libc_nano.a(lib_a-puts.o) (__swsetup_r)
f:/stm32cubeide_1.3.0/stm32cubeide/plugins/com.st.stm32cube.ide.mcu.externaltools.gnu-tools-for-stm32.9-2020-q2-update.win32_1.5.0.202011040924/tools/bin/../lib/gcc/arm-none-eabi/9.3.1/../../../../arm-none-eabi/lib/thumb/v7-m/nofp\libc_nano.a(lib_a-assert.o)
[...]
Memory Configuration

Name             Origin             Length             Attributes
RAM              0x0000000020000000 0x0000000000005000 xrw
FLASH            0x0000000008000000 0x0000000000010000 xr
*default*        0x0000000000000000 0xffffffffffffffff

Linker script and memory map

LOAD f:/stm32cubeide_1.3.0/stm32cubeide/plugins/com.st.stm32cube.ide.mcu.externaltools.gnu-tools-for-stm32.9-2020-q2-update.win32_1.5.0.202011040924/tools/bin/../lib/gcc/arm-none-eabi/9.3.1/thumb/v7-m/nofp/crti.o
LOAD f:/stm32cubeide_1.3.0/stm32cubeide/plugins/com.st.stm32cube.ide.mcu.externaltools.gnu-tools-for-stm32.9-2020-q2-update.win32_1.5.0.202011040924/tools/bin/../lib/gcc/arm-none-eabi/9.3.1/thumb/v7-m/nofp/crtbegin.o
LOAD f:/stm32cubeide_1.3.0/stm32cubeide/plugins/com.st.stm32cube.ide.mcu.externaltools.gnu-tools-for-stm32.9-2020-q2-update.win32_1.5.0.202011040924/tools/bin/../lib/gcc/arm-none-eabi/9.3.1/../../../../arm-none-eabi/lib/thumb/v7-m/nofp/crt0.o
LOAD Core/Src/App/LcdSpeedTest/appLcdSpeedTest.o
LOAD Core/Src/App/LcdSpeedTest/beer_60x100_16.o
LOAD Core/Src/Lcd/Fonts/font12.o
LOAD Core/Src/Lcd/Fonts/font16.o
LOAD Core/Src/Lcd/Fonts/font20.o
LOAD Core/Src/Lcd/Fonts/font24.o
LOAD Core/Src/Lcd/Fonts/font8.o
LOAD Core/Src/Lcd/ili9488.o
LOAD Core/Src/Lcd/lcdts_io_gpio8.o
LOAD Core/Src/Lcd/stm32_adafruit_lcd.o
LOAD Core/Src/Lcd/stm32_adafruit_ts.o
LOAD Core/Src/main.o
LOAD Core/Src/stm32f1xx_hal_msp.o
LOAD Core/Src/stm32f1xx_it.o
LOAD Core/Src/syscalls.o
LOAD Core/Src/sysmem.o
LOAD Core/Src/system_stm32f1xx.o
LOAD Core/Startup/startup_stm32f103c8tx.o
LOAD Drivers/STM32F1xx_HAL_Driver/Src/stm32f1xx_hal.o
LOAD Drivers/STM32F1xx_HAL_Driver/Src/stm32f1xx_hal_cortex.o
LOAD Drivers/STM32F1xx_HAL_Driver/Src/stm32f1xx_hal_dma.o
LOAD Drivers/STM32F1xx_HAL_Driver/Src/stm32f1xx_hal_exti.o
LOAD Drivers/STM32F1xx_HAL_Driver/Src/stm32f1xx_hal_flash.o
LOAD Drivers/STM32F1xx_HAL_Driver/Src/stm32f1xx_hal_flash_ex.o
LOAD Drivers/STM32F1xx_HAL_Driver/Src/stm32f1xx_hal_gpio.o
LOAD Drivers/STM32F1xx_HAL_Driver/Src/stm32f1xx_hal_gpio_ex.o
LOAD Drivers/STM32F1xx_HAL_Driver/Src/stm32f1xx_hal_pwr.o
LOAD Drivers/STM32F1xx_HAL_Driver/Src/stm32f1xx_hal_rcc.o
LOAD Drivers/STM32F1xx_HAL_Driver/Src/stm32f1xx_hal_rcc_ex.o
LOAD Drivers/STM32F1xx_HAL_Driver/Src/stm32f1xx_hal_tim.o
LOAD Drivers/STM32F1xx_HAL_Driver/Src/stm32f1xx_hal_tim_ex.o
START GROUP
LOAD f:/stm32cubeide_1.3.0/stm32cubeide/plugins/com.st.stm32cube.ide.mcu.externaltools.gnu-tools-for-stm32.9-2020-q2-update.win32_1.5.0.202011040924/tools/bin/../lib/gcc/arm-none-eabi/9.3.1/../../../../arm-none-eabi/lib/thumb/v7-m/nofp\libstdc++_nano.a
LOAD f:/stm32cubeide_1.3.0/stm32cubeide/plugins/com.st.stm32cube.ide.mcu.externaltools.gnu-tools-for-stm32.9-2020-q2-update.win32_1.5.0.202011040924/tools/bin/../lib/gcc/arm-none-eabi/9.3.1/../../../../arm-none-eabi/lib/thumb/v7-m/nofp\libsupc++_nano.a
END GROUP
LOAD f:/stm32cubeide_1.3.0/stm32cubeide/plugins/com.st.stm32cube.ide.mcu.externaltools.gnu-tools-for-stm32.9-2020-q2-update.win32_1.5.0.202011040924/tools/bin/../lib/gcc/arm-none-eabi/9.3.1/../../../../arm-none-eabi/lib/thumb/v7-m/nofp\libstdc++_nano.a
LOAD f:/stm32cubeide_1.3.0/stm32cubeide/plugins/com.st.stm32cube.ide.mcu.externaltools.gnu-tools-for-stm32.9-2020-q2-update.win32_1.5.0.202011040924/tools/bin/../lib/gcc/arm-none-eabi/9.3.1/../../../../arm-none-eabi/lib/thumb/v7-m/nofp\libm.a
LOAD f:/stm32cubeide_1.3.0/stm32cubeide/plugins/com.st.stm32cube.ide.mcu.externaltools.gnu-tools-for-stm32.9-2020-q2-update.win32_1.5.0.202011040924/tools/bin/../lib/gcc/arm-none-eabi/9.3.1/../../../../arm-none-eabi/lib/thumb/v7-m/nofp\libc_nano.a
START GROUP
LOAD f:/stm32cubeide_1.3.0/stm32cubeide/plugins/com.st.stm32cube.ide.mcu.externaltools.gnu-tools-for-stm32.9-2020-q2-update.win32_1.5.0.202011040924/tools/bin/../lib/gcc/arm-none-eabi/9.3.1/thumb/v7-m/nofp\libgcc.a
LOAD f:/stm32cubeide_1.3.0/stm32cubeide/plugins/com.st.stm32cube.ide.mcu.externaltools.gnu-tools-for-stm32.9-2020-q2-update.win32_1.5.0.202011040924/tools/bin/../lib/gcc/arm-none-eabi/9.3.1/../../../../arm-none-eabi/lib/thumb/v7-m/nofp\libc_nano.a
END GROUP
START GROUP
LOAD f:/stm32cubeide_1.3.0/stm32cubeide/plugins/com.st.stm32cube.ide.mcu.externaltools.gnu-tools-for-stm32.9-2020-q2-update.win32_1.5.0.202011040924/tools/bin/../lib/gcc/arm-none-eabi/9.3.1/thumb/v7-m/nofp\libgcc.a
LOAD f:/stm32cubeide_1.3.0/stm32cubeide/plugins/com.st.stm32cube.ide.mcu.externaltools.gnu-tools-for-stm32.9-2020-q2-update.win32_1.5.0.202011040924/tools/bin/../lib/gcc/arm-none-eabi/9.3.1/../../../../arm-none-eabi/lib/thumb/v7-m/nofp\libc_nano.a
LOAD f:/stm32cubeide_1.3.0/stm32cubeide/plugins/com.st.stm32cube.ide.mcu.externaltools.gnu-tools-for-stm32.9-2020-q2-update.win32_1.5.0.202011040924/tools/bin/../lib/gcc/arm-none-eabi/9.3.1/../../../../arm-none-eabi/lib/thumb/v7-m/nofp\libnosys.a
END GROUP
START GROUP
LOAD f:/stm32cubeide_1.3.0/stm32cubeide/plugins/com.st.stm32cube.ide.mcu.externaltools.gnu-tools-for-stm32.9-2020-q2-update.win32_1.5.0.202011040924/tools/bin/../lib/gcc/arm-none-eabi/9.3.1/thumb/v7-m/nofp\libgcc.a
LOAD f:/stm32cubeide_1.3.0/stm32cubeide/plugins/com.st.stm32cube.ide.mcu.externaltools.gnu-tools-for-stm32.9-2020-q2-update.win32_1.5.0.202011040924/tools/bin/../lib/gcc/arm-none-eabi/9.3.1/../../../../arm-none-eabi/lib/thumb/v7-m/nofp\libc_nano.a
LOAD f:/stm32cubeide_1.3.0/stm32cubeide/plugins/com.st.stm32cube.ide.mcu.externaltools.gnu-tools-for-stm32.9-2020-q2-update.win32_1.5.0.202011040924/tools/bin/../lib/gcc/arm-none-eabi/9.3.1/../../../../arm-none-eabi/lib/thumb/v7-m/nofp\libnosys.a
END GROUP
LOAD f:/stm32cubeide_1.3.0/stm32cubeide/plugins/com.st.stm32cube.ide.mcu.externaltools.gnu-tools-for-stm32.9-2020-q2-update.win32_1.5.0.202011040924/tools/bin/../lib/gcc/arm-none-eabi/9.3.1/thumb/v7-m/nofp/crtend.o
LOAD f:/stm32cubeide_1.3.0/stm32cubeide/plugins/com.st.stm32cube.ide.mcu.externaltools.gnu-tools-for-stm32.9-2020-q2-update.win32_1.5.0.202011040924/tools/bin/../lib/gcc/arm-none-eabi/9.3.1/thumb/v7-m/nofp/crtn.o
                0x0000000020005000                _estack = (ORIGIN (RAM) + LENGTH (RAM))
                0x0000000000000200                _Min_Heap_Size = 0x200
                0x0000000000000800                _Min_Stack_Size = 0x800

.isr_vector     0x0000000008000000      0x10c
                0x0000000008000000                . = ALIGN (0x4)
 *(.isr_vector)
 .isr_vector    0x0000000008000000      0x10c Core/Startup/startup_stm32f103c8tx.o
                0x0000000008000000                g_pfnVectors
                0x000000000800010c                . = ALIGN (0x4)

.text           0x000000000800010c     0x486c
                0x000000000800010c                . = ALIGN (0x4)
 *(.text)
 .text          0x000000000800010c       0x40 f:/stm32cubeide_1.3.0/stm32cubeide/plugins/com.st.stm32cube.ide.mcu.externaltools.gnu-tools-for-stm32.9-2020-q2-update.win32_1.5.0.202011040924/tools/bin/../lib/gcc/arm-none-eabi/9.3.1/thumb/v7-m/nofp/crtbegin.o
 *(.text*)
 .text.ClearTest
                0x000000000800014c       0x24 Core/Src/App/LcdSpeedTest/appLcdSpeedTest.o
                0x000000000800014c                ClearTest
 .text.PixelTest
                0x0000000008000170       0x94 Core/Src/App/LcdSpeedTest/appLcdSpeedTest.o
                0x0000000008000170                PixelTest
 .text.LineTest
                0x0000000008000204       0xc8 Core/Src/App/LcdSpeedTest/appLcdSpeedTest.o
                0x0000000008000204                LineTest
 .text.FillRectTest
                0x00000000080002cc       0xdc Core/Src/App/LcdSpeedTest/appLcdSpeedTest.o
                0x00000000080002cc                FillRectTest
 .text.CharTest
                0x00000000080003a8      0x174 Core/Src/App/LcdSpeedTest/appLcdSpeedTest.o
                0x00000000080003a8                CharTest
 .text.CircleTest
                0x000000000800051c       0xf8 Core/Src/App/LcdSpeedTest/appLcdSpeedTest.o
                0x000000000800051c                CircleTest
 .text.FillCircleTest
                0x0000000008000614       0xf8 Core/Src/App/LcdSpeedTest/appLcdSpeedTest.o
                0x0000000008000614                FillCircleTest
 .text.ColorTest
                0x000000000800070c      0x118 Core/Src/App/LcdSpeedTest/appLcdSpeedTest.o
                0x000000000800070c                ColorTest
 .text.BitmapTest
                0x0000000008000824       0x8c Core/Src/App/LcdSpeedTest/appLcdSpeedTest.o
                0x0000000008000824                BitmapTest
 .text.ScrollTest
                0x00000000080008b0      0x388 Core/Src/App/LcdSpeedTest/appLcdSpeedTest.o
                0x00000000080008b0                ScrollTest
 .text.ReadPixelTest
                0x0000000008000c38      0x140 Core/Src/App/LcdSpeedTest/appLcdSpeedTest.o
                0x0000000008000c38                ReadPixelTest
 .text.ReadImageTest
                0x0000000008000d78      0x100 Core/Src/App/LcdSpeedTest/appLcdSpeedTest.o
                0x0000000008000d78                ReadImageTest
 .text.mainApp  0x0000000008000e78      0x2b8 Core/Src/App/LcdSpeedTest/appLcdSpeedTest.o
                0x0000000008000e78                mainApp
 .text.ili9488_Init
                0x0000000008001130      0x124 Core/Src/Lcd/ili9488.o
                0x0000000008001130                ili9488_Init
 .text.ili9488_DisplayOn
                0x0000000008001254       0x14 Core/Src/Lcd/ili9488.o
                0x0000000008001254                ili9488_DisplayOn
 .text.ili9488_DisplayOff
                0x0000000008001268       0x14 Core/Src/Lcd/ili9488.o
                0x0000000008001268                ili9488_DisplayOff
 .text.ili9488_GetLcdPixelWidth
                0x000000000800127c       0x10 Core/Src/Lcd/ili9488.o
                0x000000000800127c                ili9488_GetLcdPixelWidth
 .text.ili9488_GetLcdPixelHeight
                0x000000000800128c       0x10 Core/Src/Lcd/ili9488.o
                0x000000000800128c                ili9488_GetLcdPixelHeight
 .text.ili9488_ReadID
                0x000000000800129c       0x44 Core/Src/Lcd/ili9488.o
                0x000000000800129c                ili9488_ReadID
 .text.ili9488_SetCursor
                0x00000000080012e0       0x98 Core/Src/Lcd/ili9488.o
                0x00000000080012e0                ili9488_SetCursor
 .text.ili9488_WritePixel
                0x0000000008001378       0xa8 Core/Src/Lcd/ili9488.o
                0x0000000008001378                ili9488_WritePixel
 .text.ili9488_ReadPixel
                0x0000000008001420       0xa8 Core/Src/Lcd/ili9488.o
                0x0000000008001420                ili9488_ReadPixel
 .text.ili9488_SetDisplayWindow
                0x00000000080014c8       0xc0 Core/Src/Lcd/ili9488.o
                0x00000000080014c8                ili9488_SetDisplayWindow
 .text.ili9488_DrawHLine
                0x0000000008001588       0x36 Core/Src/Lcd/ili9488.o
                0x0000000008001588                ili9488_DrawHLine
 .text.ili9488_DrawVLine
                0x00000000080015be       0x38 Core/Src/Lcd/ili9488.o
                0x00000000080015be                ili9488_DrawVLine
 .text.ili9488_FillRect
                0x00000000080015f6       0x46 Core/Src/Lcd/ili9488.o
                0x00000000080015f6                ili9488_FillRect
 .text.ili9488_DrawBitmap
                0x000000000800163c       0xae Core/Src/Lcd/ili9488.o
                0x000000000800163c                ili9488_DrawBitmap
 .text.ili9488_DrawRGBImage
                0x00000000080016ea       0x46 Core/Src/Lcd/ili9488.o
                0x00000000080016ea                ili9488_DrawRGBImage
 .text.ili9488_ReadRGBImage
                0x0000000008001730       0x4c Core/Src/Lcd/ili9488.o
                0x0000000008001730                ili9488_ReadRGBImage
 .text.ili9488_Scroll
                0x000000000800177c       0xc0 Core/Src/Lcd/ili9488.o
                0x000000000800177c                ili9488_Scroll
 .text.LCD_Delay
                0x000000000800183c       0x16 Core/Src/Lcd/lcdts_io_gpio8.o
                0x000000000800183c                LCD_Delay
 .text.LCD_IO_Bl_OnOff
                0x0000000008001852       0x14 Core/Src/Lcd/lcdts_io_gpio8.o
                0x0000000008001852                LCD_IO_Bl_OnOff
 *fill*         0x0000000008001866        0x2 
 .text.LCD_IO_Init
                0x0000000008001868      0x130 Core/Src/Lcd/lcdts_io_gpio8.o
                0x0000000008001868                LCD_IO_Init
 .text.LCD_IO_WriteCmd8
                0x0000000008001998       0x60 Core/Src/Lcd/lcdts_io_gpio8.o
                0x0000000008001998                LCD_IO_WriteCmd8
 .text.LCD_IO_WriteData8
                0x00000000080019f8       0x50 Core/Src/Lcd/lcdts_io_gpio8.o
                0x00000000080019f8                LCD_IO_WriteData8
 .text.LCD_IO_WriteData16
                0x0000000008001a48       0x78 Core/Src/Lcd/lcdts_io_gpio8.o
                0x0000000008001a48                LCD_IO_WriteData16
 .text.LCD_IO_WriteCmd8DataFill16
                0x0000000008001ac0       0xbc Core/Src/Lcd/lcdts_io_gpio8.o
                0x0000000008001ac0                LCD_IO_WriteCmd8DataFill16
 .text.LCD_IO_WriteCmd8MultipleData8
                0x0000000008001b7c       0x98 Core/Src/Lcd/lcdts_io_gpio8.o
                0x0000000008001b7c                LCD_IO_WriteCmd8MultipleData8
 .text.LCD_IO_WriteCmd8MultipleData16
                0x0000000008001c14       0xc4 Core/Src/Lcd/lcdts_io_gpio8.o
                0x0000000008001c14                LCD_IO_WriteCmd8MultipleData16
 .text.LCD_IO_ReadCmd8MultipleData8
                0x0000000008001cd8       0xcc Core/Src/Lcd/lcdts_io_gpio8.o
                0x0000000008001cd8                LCD_IO_ReadCmd8MultipleData8
 .text.LCD_IO_ReadCmd8MultipleData16
                0x0000000008001da4       0xf4 Core/Src/Lcd/lcdts_io_gpio8.o
                0x0000000008001da4                LCD_IO_ReadCmd8MultipleData16
 .text.BSP_LCD_Init
                0x0000000008001e98       0x40 Core/Src/Lcd/stm32_adafruit_lcd.o
                0x0000000008001e98                BSP_LCD_Init
 .text.BSP_LCD_GetXSize
                0x0000000008001ed8       0x18 Core/Src/Lcd/stm32_adafruit_lcd.o
                0x0000000008001ed8                BSP_LCD_GetXSize
 .text.BSP_LCD_GetYSize
                0x0000000008001ef0       0x18 Core/Src/Lcd/stm32_adafruit_lcd.o
                0x0000000008001ef0                BSP_LCD_GetYSize
 .text.BSP_LCD_SetTextColor
                0x0000000008001f08       0x20 Core/Src/Lcd/stm32_adafruit_lcd.o
                0x0000000008001f08                BSP_LCD_SetTextColor
 .text.BSP_LCD_SetBackColor
                0x0000000008001f28       0x20 Core/Src/Lcd/stm32_adafruit_lcd.o
                0x0000000008001f28                BSP_LCD_SetBackColor
 .text.BSP_LCD_SetFont
                0x0000000008001f48       0x1c Core/Src/Lcd/stm32_adafruit_lcd.o
                0x0000000008001f48                BSP_LCD_SetFont
 .text.BSP_LCD_GetFont
                0x0000000008001f64       0x14 Core/Src/Lcd/stm32_adafruit_lcd.o
                0x0000000008001f64                BSP_LCD_GetFont
 .text.BSP_LCD_Clear
                0x0000000008001f78       0x3c Core/Src/Lcd/stm32_adafruit_lcd.o
                0x0000000008001f78                BSP_LCD_Clear
 .text.BSP_LCD_DisplayChar
                0x0000000008001fb4       0x54 Core/Src/Lcd/stm32_adafruit_lcd.o
                0x0000000008001fb4                BSP_LCD_DisplayChar
 .text.BSP_LCD_DrawPixel
                0x0000000008002008       0x38 Core/Src/Lcd/stm32_adafruit_lcd.o
                0x0000000008002008                BSP_LCD_DrawPixel
 .text.BSP_LCD_DrawHLine
                0x0000000008002040       0x74 Core/Src/Lcd/stm32_adafruit_lcd.o
                0x0000000008002040                BSP_LCD_DrawHLine
 .text.BSP_LCD_DrawVLine
                0x00000000080020b4       0x74 Core/Src/Lcd/stm32_adafruit_lcd.o
                0x00000000080020b4                BSP_LCD_DrawVLine
 .text.BSP_LCD_DrawLine
                0x0000000008002128      0x184 Core/Src/Lcd/stm32_adafruit_lcd.o
                0x0000000008002128                BSP_LCD_DrawLine
 .text.BSP_LCD_DrawCircle
                0x00000000080022ac      0x170 Core/Src/Lcd/stm32_adafruit_lcd.o
                0x00000000080022ac                BSP_LCD_DrawCircle
 .text.BSP_LCD_DrawBitmap
                0x000000000800241c       0xb4 Core/Src/Lcd/stm32_adafruit_lcd.o
                0x000000000800241c                BSP_LCD_DrawBitmap
 .text.BSP_LCD_FillRect
                0x00000000080024d0       0x48 Core/Src/Lcd/stm32_adafruit_lcd.o
                0x00000000080024d0                BSP_LCD_FillRect
 .text.BSP_LCD_FillCircle
                0x0000000008002518      0x118 Core/Src/Lcd/stm32_adafruit_lcd.o
                0x0000000008002518                BSP_LCD_FillCircle
 .text.BSP_LCD_DisplayOn
                0x0000000008002630       0x14 Core/Src/Lcd/stm32_adafruit_lcd.o
                0x0000000008002630                BSP_LCD_DisplayOn
 .text.BSP_LCD_DisplayOff
                0x0000000008002644       0x14 Core/Src/Lcd/stm32_adafruit_lcd.o
                0x0000000008002644                BSP_LCD_DisplayOff
 .text.DrawChar
                0x0000000008002658      0x1e4 Core/Src/Lcd/stm32_adafruit_lcd.o
 .text.SetDisplayWindow
                0x000000000800283c       0x44 Core/Src/Lcd/stm32_adafruit_lcd.o
 .text.BSP_LCD_ReadID
                0x0000000008002880       0x24 Core/Src/Lcd/stm32_adafruit_lcd.o
                0x0000000008002880                BSP_LCD_ReadID
 .text.BSP_LCD_ReadPixel
                0x00000000080028a4       0x3c Core/Src/Lcd/stm32_adafruit_lcd.o
                0x00000000080028a4                BSP_LCD_ReadPixel
 .text.BSP_LCD_DrawRGB16Image
                0x00000000080028e0       0x40 Core/Src/Lcd/stm32_adafruit_lcd.o
                0x00000000080028e0                BSP_LCD_DrawRGB16Image
 .text.BSP_LCD_ReadRGB16Image
                0x0000000008002920       0x40 Core/Src/Lcd/stm32_adafruit_lcd.o
                0x0000000008002920                BSP_LCD_ReadRGB16Image
 .text.BSP_LCD_Scroll
                0x0000000008002960       0x30 Core/Src/Lcd/stm32_adafruit_lcd.o
                0x0000000008002960                BSP_LCD_Scroll
 .text.main     0x0000000008002990       0x16 Core/Src/main.o
                0x0000000008002990                main
 .text.SystemClock_Config
                0x00000000080029a6       0x8a Core/Src/main.o
                0x00000000080029a6                SystemClock_Config
 .text.MX_GPIO_Init
                0x0000000008002a30       0x5c Core/Src/main.o
 .text.Error_Handler
                0x0000000008002a8c        0xa Core/Src/main.o
                0x0000000008002a8c                Error_Handler
 *fill*         0x0000000008002a96        0x2 
 .text.HAL_MspInit
                0x0000000008002a98       0x64 Core/Src/stm32f1xx_hal_msp.o
                0x0000000008002a98                HAL_MspInit
 .text.NMI_Handler
                0x0000000008002afc        0x6 Core/Src/stm32f1xx_it.o
                0x0000000008002afc                NMI_Handler
 .text.HardFault_Handler
                0x0000000008002b02        0x6 Core/Src/stm32f1xx_it.o
                0x0000000008002b02                HardFault_Handler
 .text.MemManage_Handler
                0x0000000008002b08        0x6 Core/Src/stm32f1xx_it.o
                0x0000000008002b08                MemManage_Handler
 .text.BusFault_Handler
                0x0000000008002b0e        0x6 Core/Src/stm32f1xx_it.o
                0x0000000008002b0e                BusFault_Handler
 .text.UsageFault_Handler
                0x0000000008002b14        0x6 Core/Src/stm32f1xx_it.o
                0x0000000008002b14                UsageFault_Handler
 .text.SVC_Handler
                0x0000000008002b1a        0xc Core/Src/stm32f1xx_it.o
                0x0000000008002b1a                SVC_Handler
 .text.DebugMon_Handler
                0x0000000008002b26        0xc Core/Src/stm32f1xx_it.o
                0x0000000008002b26                DebugMon_Handler
 .text.PendSV_Handler
                0x0000000008002b32        0xc Core/Src/stm32f1xx_it.o
                0x0000000008002b32                PendSV_Handler
 .text.SysTick_Handler
                0x0000000008002b3e        0xc Core/Src/stm32f1xx_it.o
                0x0000000008002b3e                SysTick_Handler
 .text._getpid  0x0000000008002b4a        0xe Core/Src/syscalls.o
                0x0000000008002b4a                _getpid
 .text._kill    0x0000000008002b58       0x20 Core/Src/syscalls.o
                0x0000000008002b58                _kill
 .text._exit    0x0000000008002b78       0x14 Core/Src/syscalls.o
                0x0000000008002b78                _exit
 .text._read    0x0000000008002b8c       0x3a Core/Src/syscalls.o
                0x0000000008002b8c                _read
 .text._write   0x0000000008002bc6       0x38 Core/Src/syscalls.o
                0x0000000008002bc6                _write
 .text._close   0x0000000008002bfe       0x16 Core/Src/syscalls.o
                0x0000000008002bfe                _close
 .text._fstat   0x0000000008002c14       0x1e Core/Src/syscalls.o
                0x0000000008002c14                _fstat
 .text._isatty  0x0000000008002c32       0x14 Core/Src/syscalls.o
                0x0000000008002c32                _isatty
 .text._lseek   0x0000000008002c46       0x18 Core/Src/syscalls.o
                0x0000000008002c46                _lseek
 *fill*         0x0000000008002c5e        0x2 
 .text._sbrk    0x0000000008002c60       0x6c Core/Src/sysmem.o
                0x0000000008002c60                _sbrk
 .text.SystemInit
                0x0000000008002ccc        0xc Core/Src/system_stm32f1xx.o
                0x0000000008002ccc                SystemInit
 .text.Reset_Handler
                0x0000000008002cd8       0x48 Core/Startup/startup_stm32f103c8tx.o
                0x0000000008002cd8                Reset_Handler
 .text.Default_Handler
                0x0000000008002d20        0x2 Core/Startup/startup_stm32f103c8tx.o
                0x0000000008002d20                RTC_Alarm_IRQHandler
                0x0000000008002d20                EXTI2_IRQHandler
                0x0000000008002d20                TIM1_CC_IRQHandler
                0x0000000008002d20                PVD_IRQHandler
                0x0000000008002d20                EXTI3_IRQHandler
                0x0000000008002d20                EXTI0_IRQHandler
                0x0000000008002d20                I2C2_EV_IRQHandler
                0x0000000008002d20                ADC1_2_IRQHandler
                0x0000000008002d20                SPI1_IRQHandler
                0x0000000008002d20                TAMPER_IRQHandler
                0x0000000008002d20                DMA1_Channel4_IRQHandler
                0x0000000008002d20                USART3_IRQHandler
                0x0000000008002d20                RTC_IRQHandler
                0x0000000008002d20                DMA1_Channel7_IRQHandler
                0x0000000008002d20                CAN1_RX1_IRQHandler
                0x0000000008002d20                TIM4_IRQHandler
                0x0000000008002d20                I2C1_EV_IRQHandler
                0x0000000008002d20                DMA1_Channel6_IRQHandler
                0x0000000008002d20                TIM3_IRQHandler
                0x0000000008002d20                RCC_IRQHandler
                0x0000000008002d20                TIM1_TRG_COM_IRQHandler
                0x0000000008002d20                DMA1_Channel1_IRQHandler
                0x0000000008002d20                Default_Handler
                0x0000000008002d20                EXTI15_10_IRQHandler
                0x0000000008002d20                EXTI9_5_IRQHandler
                0x0000000008002d20                SPI2_IRQHandler
                0x0000000008002d20                DMA1_Channel5_IRQHandler
                0x0000000008002d20                EXTI4_IRQHandler
                0x0000000008002d20                USB_LP_CAN1_RX0_IRQHandler
                0x0000000008002d20                USB_HP_CAN1_TX_IRQHandler
                0x0000000008002d20                DMA1_Channel3_IRQHandler
                0x0000000008002d20                TIM1_UP_IRQHandler
                0x0000000008002d20                WWDG_IRQHandler
                0x0000000008002d20                TIM2_IRQHandler
                0x0000000008002d20                TIM1_BRK_IRQHandler
                0x0000000008002d20                EXTI1_IRQHandler
                0x0000000008002d20                USART2_IRQHandler
                0x0000000008002d20                I2C2_ER_IRQHandler
                0x0000000008002d20                DMA1_Channel2_IRQHandler
                0x0000000008002d20                CAN1_SCE_IRQHandler
                0x0000000008002d20                FLASH_IRQHandler
                0x0000000008002d20                USART1_IRQHandler
                0x0000000008002d20                I2C1_ER_IRQHandler
                0x0000000008002d20                USBWakeUp_IRQHandler
 *fill*         0x0000000008002d22        0x2 
 .text.HAL_Init
                0x0000000008002d24       0x2c Drivers/STM32F1xx_HAL_Driver/Src/stm32f1xx_hal.o
                0x0000000008002d24                HAL_Init
 .text.HAL_InitTick
                0x0000000008002d50       0x60 Drivers/STM32F1xx_HAL_Driver/Src/stm32f1xx_hal.o
                0x0000000008002d50                HAL_InitTick
 .text.HAL_IncTick
                0x0000000008002db0       0x24 Drivers/STM32F1xx_HAL_Driver/Src/stm32f1xx_hal.o
                0x0000000008002db0                HAL_IncTick
 .text.HAL_GetTick
                0x0000000008002dd4       0x14 Drivers/STM32F1xx_HAL_Driver/Src/stm32f1xx_hal.o
                0x0000000008002dd4                HAL_GetTick
 .text.HAL_Delay
                0x0000000008002de8       0x48 Drivers/STM32F1xx_HAL_Driver/Src/stm32f1xx_hal.o
                0x0000000008002de8                HAL_Delay
 .text.__NVIC_SetPriorityGrouping
                0x0000000008002e30       0x48 Drivers/STM32F1xx_HAL_Driver/Src/stm32f1xx_hal_cortex.o
 .text.__NVIC_GetPriorityGrouping
                0x0000000008002e78       0x1c Drivers/STM32F1xx_HAL_Driver/Src/stm32f1xx_hal_cortex.o
 .text.__NVIC_SetPriority
                0x0000000008002e94       0x54 Drivers/STM32F1xx_HAL_Driver/Src/stm32f1xx_hal_cortex.o
 .text.NVIC_EncodePriority
                0x0000000008002ee8       0x64 Drivers/STM32F1xx_HAL_Driver/Src/stm32f1xx_hal_cortex.o
 .text.SysTick_Config
                0x0000000008002f4c       0x44 Drivers/STM32F1xx_HAL_Driver/Src/stm32f1xx_hal_cortex.o
 .text.HAL_NVIC_SetPriorityGrouping
                0x0000000008002f90       0x16 Drivers/STM32F1xx_HAL_Driver/Src/stm32f1xx_hal_cortex.o
                0x0000000008002f90                HAL_NVIC_SetPriorityGrouping
 .text.HAL_NVIC_SetPriority
                0x0000000008002fa6       0x38 Drivers/STM32F1xx_HAL_Driver/Src/stm32f1xx_hal_cortex.o
                0x0000000008002fa6                HAL_NVIC_SetPriority
 .text.HAL_SYSTICK_Config
                0x0000000008002fde       0x18 Drivers/STM32F1xx_HAL_Driver/Src/stm32f1xx_hal_cortex.o
                0x0000000008002fde                HAL_SYSTICK_Config
 *fill*         0x0000000008002ff6        0x2 
 .text.HAL_RCC_OscConfig
                0x0000000008002ff8      0x500 Drivers/STM32F1xx_HAL_Driver/Src/stm32f1xx_hal_rcc.o
                0x0000000008002ff8                HAL_RCC_OscConfig
 .text.HAL_RCC_ClockConfig
                0x00000000080034f8      0x1d4 Drivers/STM32F1xx_HAL_Driver/Src/stm32f1xx_hal_rcc.o
                0x00000000080034f8                HAL_RCC_ClockConfig
 .text.HAL_RCC_GetSysClockFreq
                0x00000000080036cc       0xc0 Drivers/STM32F1xx_HAL_Driver/Src/stm32f1xx_hal_rcc.o
                0x00000000080036cc                HAL_RCC_GetSysClockFreq
 .text.RCC_Delay
                0x000000000800378c       0x3c Drivers/STM32F1xx_HAL_Driver/Src/stm32f1xx_hal_rcc.o
 .text.__errno  0x00000000080037c8        0xc f:/stm32cubeide_1.3.0/stm32cubeide/plugins/com.st.stm32cube.ide.mcu.externaltools.gnu-tools-for-stm32.9-2020-q2-update.win32_1.5.0.202011040924/tools/bin/../lib/gcc/arm-none-eabi/9.3.1/../../../../arm-none-eabi/lib/thumb/v7-m/nofp\libc_nano.a(lib_a-errno.o)
                0x00000000080037c8                __errno
 .text.__libc_init_array
                0x00000000080037d4       0x48 f:/stm32cubeide_1.3.0/stm32cubeide/plugins/com.st.stm32cube.ide.mcu.externaltools.gnu-tools-for-stm32.9-2020-q2-update.win32_1.5.0.202011040924/tools/bin/../lib/gcc/arm-none-eabi/9.3.1/../../../../arm-none-eabi/lib/thumb/v7-m/nofp\libc_nano.a(lib_a-init.o)
                0x00000000080037d4                __libc_init_array
 .text.memset   0x000000000800381c       0x10 f:/stm32cubeide_1.3.0/stm32cubeide/plugins/com.st.stm32cube.ide.mcu.externaltools.gnu-tools-for-stm32.9-2020-q2-update.win32_1.5.0.202011040924/tools/bin/../lib/gcc/arm-none-eabi/9.3.1/../../../../arm-none-eabi/lib/thumb/v7-m/nofp\libc_nano.a(lib_a-memset.o)
                0x000000000800381c                memset
 .text.printf   0x000000000800382c       0x30 f:/stm32cubeide_1.3.0/stm32cubeide/plugins/com.st.stm32cube.ide.mcu.externaltools.gnu-tools-for-stm32.9-2020-q2-update.win32_1.5.0.202011040924/tools/bin/../lib/gcc/arm-none-eabi/9.3.1/../../../../arm-none-eabi/lib/thumb/v7-m/nofp\libc_nano.a(lib_a-printf.o)
                0x000000000800382c                iprintf
                0x000000000800382c                printf
 .text._puts_r  0x000000000800385c       0xdc f:/stm32cubeide_1.3.0/stm32cubeide/plugins/com.st.stm32cube.ide.mcu.externaltools.gnu-tools-for-stm32.9-2020-q2-update.win32_1.5.0.202011040924/tools/bin/../lib/gcc/arm-none-eabi/9.3.1/../../../../arm-none-eabi/lib/thumb/v7-m/nofp\libc_nano.a(lib_a-puts.o)
                0x000000000800385c                _puts_r
 .text.puts     0x0000000008003938       0x10 f:/stm32cubeide_1.3.0/stm32cubeide/plugins/com.st.stm32cube.ide.mcu.externaltools.gnu-tools-for-stm32.9-2020-q2-update.win32_1.5.0.202011040924/tools/bin/../lib/gcc/arm-none-eabi/9.3.1/../../../../arm-none-eabi/lib/thumb/v7-m/nofp\libc_nano.a(lib_a-puts.o)
                0x0000000008003938                puts
 .text.random   0x0000000008003948       0x80 f:/stm32cubeide_1.3.0/stm32cubeide/plugins/com.st.stm32cube.ide.mcu.externaltools.gnu-tools-for-stm32.9-2020-q2-update.win32_1.5.0.202011040924/tools/bin/../lib/gcc/arm-none-eabi/9.3.1/../../../../arm-none-eabi/lib/thumb/v7-m/nofp\libc_nano.a(lib_a-random.o)
                0x0000000008003948                random
 .text.__swbuf_r
                0x00000000080039c8       0xa4 f:/stm32cubeide_1.3.0/stm32cubeide/plugins/com.st.stm32cube.ide.mcu.externaltools.gnu-tools-for-stm32.9-2020-q2-update.win32_1.5.0.202011040924/tools/bin/../lib/gcc/arm-none-eabi/9.3.1/../../../../arm-none-eabi/lib/thumb/v7-m/nofp\libc_nano.a(lib_a-wbuf.o)
                0x00000000080039c8                __swbuf_r
 .text.__swsetup_r
                0x0000000008003a6c       0xdc f:/stm32cubeide_1.3.0/stm32cubeide/plugins/com.st.stm32cube.ide.mcu.externaltools.gnu-tools-for-stm32.9-2020-q2-update.win32_1.5.0.202011040924/tools/bin/../lib/gcc/arm-none-eabi/9.3.1/../../../../arm-none-eabi/lib/thumb/v7-m/nofp\libc_nano.a(lib_a-wsetup.o)
                0x0000000008003a6c                __swsetup_r
 .text.__assert_func
                0x0000000008003b48       0x3c f:/stm32cubeide_1.3.0/stm32cubeide/plugins/com.st.stm32cube.ide.mcu.externaltools.gnu-tools-for-stm32.9-2020-q2-update.win32_1.5.0.202011040924/tools/bin/../lib/gcc/arm-none-eabi/9.3.1/../../../../arm-none-eabi/lib/thumb/v7-m/nofp\libc_nano.a(lib_a-assert.o)
                0x0000000008003b48                __assert_func
 .text.__sflush_r
                0x0000000008003b84      0x10c f:/stm32cubeide_1.3.0/stm32cubeide/plugins/com.st.stm32cube.ide.mcu.externaltools.gnu-tools-for-stm32.9-2020-q2-update.win32_1.5.0.202011040924/tools/bin/../lib/gcc/arm-none-eabi/9.3.1/../../../../arm-none-eabi/lib/thumb/v7-m/nofp\libc_nano.a(lib_a-fflush.o)
                0x0000000008003b84                __sflush_r
 .text._fflush_r
                0x0000000008003c90       0x78 f:/stm32cubeide_1.3.0/stm32cubeide/plugins/com.st.stm32cube.ide.mcu.externaltools.gnu-tools-for-stm32.9-2020-q2-update.win32_1.5.0.202011040924/tools/bin/../lib/gcc/arm-none-eabi/9.3.1/../../../../arm-none-eabi/lib/thumb/v7-m/nofp\libc_nano.a(lib_a-fflush.o)
                0x0000000008003c90                _fflush_r
 .text.std      0x0000000008003d08       0x48 f:/stm32cubeide_1.3.0/stm32cubeide/plugins/com.st.stm32cube.ide.mcu.externaltools.gnu-tools-for-stm32.9-2020-q2-update.win32_1.5.0.202011040924/tools/bin/../lib/gcc/arm-none-eabi/9.3.1/../../../../arm-none-eabi/lib/thumb/v7-m/nofp\libc_nano.a(lib_a-findfp.o)
 .text._cleanup_r
                0x0000000008003d50        0xc f:/stm32cubeide_1.3.0/stm32cubeide/plugins/com.st.stm32cube.ide.mcu.externaltools.gnu-tools-for-stm32.9-2020-q2-update.win32_1.5.0.202011040924/tools/bin/../lib/gcc/arm-none-eabi/9.3.1/../../../../arm-none-eabi/lib/thumb/v7-m/nofp\libc_nano.a(lib_a-findfp.o)
                0x0000000008003d50                _cleanup_r
 .text.__sfmoreglue
                0x0000000008003d5c       0x2c f:/stm32cubeide_1.3.0/stm32cubeide/plugins/com.st.stm32cube.ide.mcu.externaltools.gnu-tools-for-stm32.9-2020-q2-update.win32_1.5.0.202011040924/tools/bin/../lib/gcc/arm-none-eabi/9.3.1/../../../../arm-none-eabi/lib/thumb/v7-m/nofp\libc_nano.a(lib_a-findfp.o)
                0x0000000008003d5c                __sfmoreglue
 .text.__sfp_lock_acquire
                0x0000000008003d88        0xc f:/stm32cubeide_1.3.0/stm32cubeide/plugins/com.st.stm32cube.ide.mcu.externaltools.gnu-tools-for-stm32.9-2020-q2-update.win32_1.5.0.202011040924/tools/bin/../lib/gcc/arm-none-eabi/9.3.1/../../../../arm-none-eabi/lib/thumb/v7-m/nofp\libc_nano.a(lib_a-findfp.o)
                0x0000000008003d88                __sfp_lock_acquire
 .text.__sfp_lock_release
                0x0000000008003d94        0xc f:/stm32cubeide_1.3.0/stm32cubeide/plugins/com.st.stm32cube.ide.mcu.externaltools.gnu-tools-for-stm32.9-2020-q2-update.win32_1.5.0.202011040924/tools/bin/../lib/gcc/arm-none-eabi/9.3.1/../../../../arm-none-eabi/lib/thumb/v7-m/nofp\libc_nano.a(lib_a-findfp.o)
                0x0000000008003d94                __sfp_lock_release
 .text.__sinit_lock_acquire
                0x0000000008003da0        0xc f:/stm32cubeide_1.3.0/stm32cubeide/plugins/com.st.stm32cube.ide.mcu.externaltools.gnu-tools-for-stm32.9-2020-q2-update.win32_1.5.0.202011040924/tools/bin/../lib/gcc/arm-none-eabi/9.3.1/../../../../arm-none-eabi/lib/thumb/v7-m/nofp\libc_nano.a(lib_a-findfp.o)
                0x0000000008003da0                __sinit_lock_acquire
 .text.__sinit_lock_release
                0x0000000008003dac        0xc f:/stm32cubeide_1.3.0/stm32cubeide/plugins/com.st.stm32cube.ide.mcu.externaltools.gnu-tools-for-stm32.9-2020-q2-update.win32_1.5.0.202011040924/tools/bin/../lib/gcc/arm-none-eabi/9.3.1/../../../../arm-none-eabi/lib/thumb/v7-m/nofp\libc_nano.a(lib_a-findfp.o)
                0x0000000008003dac                __sinit_lock_release
 .text.__sinit  0x0000000008003db8       0x70 f:/stm32cubeide_1.3.0/stm32cubeide/plugins/com.st.stm32cube.ide.mcu.externaltools.gnu-tools-for-stm32.9-2020-q2-update.win32_1.5.0.202011040924/tools/bin/../lib/gcc/arm-none-eabi/9.3.1/../../../../arm-none-eabi/lib/thumb/v7-m/nofp\libc_nano.a(lib_a-findfp.o)
                0x0000000008003db8                __sinit
 .text.__sfp    0x0000000008003e28       0x8c f:/stm32cubeide_1.3.0/stm32cubeide/plugins/com.st.stm32cube.ide.mcu.externaltools.gnu-tools-for-stm32.9-2020-q2-update.win32_1.5.0.202011040924/tools/bin/../lib/gcc/arm-none-eabi/9.3.1/../../../../arm-none-eabi/lib/thumb/v7-m/nofp\libc_nano.a(lib_a-findfp.o)
                0x0000000008003e28                __sfp
 .text.fprintf  0x0000000008003eb4       0x24 f:/stm32cubeide_1.3.0/stm32cubeide/plugins/com.st.stm32cube.ide.mcu.externaltools.gnu-tools-for-stm32.9-2020-q2-update.win32_1.5.0.202011040924/tools/bin/../lib/gcc/arm-none-eabi/9.3.1/../../../../arm-none-eabi/lib/thumb/v7-m/nofp\libc_nano.a(lib_a-fprintf.o)
                0x0000000008003eb4                fiprintf
                0x0000000008003eb4                fprintf
 .text._fwalk_reent
                0x0000000008003ed8       0x3e f:/stm32cubeide_1.3.0/stm32cubeide/plugins/com.st.stm32cube.ide.mcu.externaltools.gnu-tools-for-stm32.9-2020-q2-update.win32_1.5.0.202011040924/tools/bin/../lib/gcc/arm-none-eabi/9.3.1/../../../../arm-none-eabi/lib/thumb/v7-m/nofp\libc_nano.a(lib_a-fwalk.o)
                0x0000000008003ed8                _fwalk_reent
 .text.__retarget_lock_init_recursive
                0x0000000008003f16        0x2 f:/stm32cubeide_1.3.0/stm32cubeide/plugins/com.st.stm32cube.ide.mcu.externaltools.gnu-tools-for-stm32.9-2020-q2-update.win32_1.5.0.202011040924/tools/bin/../lib/gcc/arm-none-eabi/9.3.1/../../../../arm-none-eabi/lib/thumb/v7-m/nofp\libc_nano.a(lib_a-lock.o)
                0x0000000008003f16                __retarget_lock_init_recursive
 .text.__retarget_lock_acquire_recursive
                0x0000000008003f18        0x2 f:/stm32cubeide_1.3.0/stm32cubeide/plugins/com.st.stm32cube.ide.mcu.externaltools.gnu-tools-for-stm32.9-2020-q2-update.win32_1.5.0.202011040924/tools/bin/../lib/gcc/arm-none-eabi/9.3.1/../../../../arm-none-eabi/lib/thumb/v7-m/nofp\libc_nano.a(lib_a-lock.o)
                0x0000000008003f18                __retarget_lock_acquire_recursive
 .text.__retarget_lock_release_recursive
                0x0000000008003f1a        0x2 f:/stm32cubeide_1.3.0/stm32cubeide/plugins/com.st.stm32cube.ide.mcu.externaltools.gnu-tools-for-stm32.9-2020-q2-update.win32_1.5.0.202011040924/tools/bin/../lib/gcc/arm-none-eabi/9.3.1/../../../../arm-none-eabi/lib/thumb/v7-m/nofp\libc_nano.a(lib_a-lock.o)
                0x0000000008003f1a                __retarget_lock_release_recursive
 .text.__swhatbuf_r
                0x0000000008003f1c       0x48 f:/stm32cubeide_1.3.0/stm32cubeide/plugins/com.st.stm32cube.ide.mcu.externaltools.gnu-tools-for-stm32.9-2020-q2-update.win32_1.5.0.202011040924/tools/bin/../lib/gcc/arm-none-eabi/9.3.1/../../../../arm-none-eabi/lib/thumb/v7-m/nofp\libc_nano.a(lib_a-makebuf.o)
                0x0000000008003f1c                __swhatbuf_r
 .text.__smakebuf_r
                0x0000000008003f64       0x80 f:/stm32cubeide_1.3.0/stm32cubeide/plugins/com.st.stm32cube.ide.mcu.externaltools.gnu-tools-for-stm32.9-2020-q2-update.win32_1.5.0.202011040924/tools/bin/../lib/gcc/arm-none-eabi/9.3.1/../../../../arm-none-eabi/lib/thumb/v7-m/nofp\libc_nano.a(lib_a-makebuf.o)
                0x0000000008003f64                __smakebuf_r
 .text.malloc   0x0000000008003fe4       0x10 f:/stm32cubeide_1.3.0/stm32cubeide/plugins/com.st.stm32cube.ide.mcu.externaltools.gnu-tools-for-stm32.9-2020-q2-update.win32_1.5.0.202011040924/tools/bin/../lib/gcc/arm-none-eabi/9.3.1/../../../../arm-none-eabi/lib/thumb/v7-m/nofp\libc_nano.a(lib_a-malloc.o)
                0x0000000008003fe4                malloc
 .text._free_r  0x0000000008003ff4       0x98 f:/stm32cubeide_1.3.0/stm32cubeide/plugins/com.st.stm32cube.ide.mcu.externaltools.gnu-tools-for-stm32.9-2020-q2-update.win32_1.5.0.202011040924/tools/bin/../lib/gcc/arm-none-eabi/9.3.1/../../../../arm-none-eabi/lib/thumb/v7-m/nofp\libc_nano.a(lib_a-nano-freer.o)
                0x0000000008003ff4                _free_r
 .text._malloc_r
                0x000000000800408c       0xb4 f:/stm32cubeide_1.3.0/stm32cubeide/plugins/com.st.stm32cube.ide.mcu.externaltools.gnu-tools-for-stm32.9-2020-q2-update.win32_1.5.0.202011040924/tools/bin/../lib/gcc/arm-none-eabi/9.3.1/../../../../arm-none-eabi/lib/thumb/v7-m/nofp\libc_nano.a(lib_a-nano-mallocr.o)
                0x000000000800408c                _malloc_r
 .text.__sfputc_r
                0x0000000008004140       0x2a f:/stm32cubeide_1.3.0/stm32cubeide/plugins/com.st.stm32cube.ide.mcu.externaltools.gnu-tools-for-stm32.9-2020-q2-update.win32_1.5.0.202011040924/tools/bin/../lib/gcc/arm-none-eabi/9.3.1/../../../../arm-none-eabi/lib/thumb/v7-m/nofp\libc_nano.a(lib_a-nano-vfprintf.o)
 .text.__sfputs_r
                0x000000000800416a       0x24 f:/stm32cubeide_1.3.0/stm32cubeide/plugins/com.st.stm32cube.ide.mcu.externaltools.gnu-tools-for-stm32.9-2020-q2-update.win32_1.5.0.202011040924/tools/bin/../lib/gcc/arm-none-eabi/9.3.1/../../../../arm-none-eabi/lib/thumb/v7-m/nofp\libc_nano.a(lib_a-nano-vfprintf.o)
                0x000000000800416a                __sfputs_r
 *fill*         0x000000000800418e        0x2 
 .text._vfprintf_r
                0x0000000008004190      0x260 f:/stm32cubeide_1.3.0/stm32cubeide/plugins/com.st.stm32cube.ide.mcu.externaltools.gnu-tools-for-stm32.9-2020-q2-update.win32_1.5.0.202011040924/tools/bin/../lib/gcc/arm-none-eabi/9.3.1/../../../../arm-none-eabi/lib/thumb/v7-m/nofp\libc_nano.a(lib_a-nano-vfprintf.o)
                0x0000000008004190                _vfprintf_r
                0x0000000008004190                _vfiprintf_r
 .text._printf_common
                0x00000000080043f0       0xde f:/stm32cubeide_1.3.0/stm32cubeide/plugins/com.st.stm32cube.ide.mcu.externaltools.gnu-tools-for-stm32.9-2020-q2-update.win32_1.5.0.202011040924/tools/bin/../lib/gcc/arm-none-eabi/9.3.1/../../../../arm-none-eabi/lib/thumb/v7-m/nofp\libc_nano.a(lib_a-nano-vfprintf_i.o)
                0x00000000080043f0                _printf_common
 *fill*         0x00000000080044ce        0x2 
 .text._printf_i
                0x00000000080044d0      0x24c f:/stm32cubeide_1.3.0/stm32cubeide/plugins/com.st.stm32cube.ide.mcu.externaltools.gnu-tools-for-stm32.9-2020-q2-update.win32_1.5.0.202011040924/tools/bin/../lib/gcc/arm-none-eabi/9.3.1/../../../../arm-none-eabi/lib/thumb/v7-m/nofp\libc_nano.a(lib_a-nano-vfprintf_i.o)
                0x00000000080044d0                _printf_i
 .text._sbrk_r  0x000000000800471c       0x20 f:/stm32cubeide_1.3.0/stm32cubeide/plugins/com.st.stm32cube.ide.mcu.externaltools.gnu-tools-for-stm32.9-2020-q2-update.win32_1.5.0.202011040924/tools/bin/../lib/gcc/arm-none-eabi/9.3.1/../../../../arm-none-eabi/lib/thumb/v7-m/nofp\libc_nano.a(lib_a-sbrkr.o)
                0x000000000800471c                _sbrk_r
 .text.__sread  0x000000000800473c       0x22 f:/stm32cubeide_1.3.0/stm32cubeide/plugins/com.st.stm32cube.ide.mcu.externaltools.gnu-tools-for-stm32.9-2020-q2-update.win32_1.5.0.202011040924/tools/bin/../lib/gcc/arm-none-eabi/9.3.1/../../../../arm-none-eabi/lib/thumb/v7-m/nofp\libc_nano.a(lib_a-stdio.o)
                0x000000000800473c                __sread
 .text.__swrite
                0x000000000800475e       0x38 f:/stm32cubeide_1.3.0/stm32cubeide/plugins/com.st.stm32cube.ide.mcu.externaltools.gnu-tools-for-stm32.9-2020-q2-update.win32_1.5.0.202011040924/tools/bin/../lib/gcc/arm-none-eabi/9.3.1/../../../../arm-none-eabi/lib/thumb/v7-m/nofp\libc_nano.a(lib_a-stdio.o)
                0x000000000800475e                __swrite
 .text.__sseek  0x0000000008004796       0x24 f:/stm32cubeide_1.3.0/stm32cubeide/plugins/com.st.stm32cube.ide.mcu.externaltools.gnu-tools-for-stm32.9-2020-q2-update.win32_1.5.0.202011040924/tools/bin/../lib/gcc/arm-none-eabi/9.3.1/../../../../arm-none-eabi/lib/thumb/v7-m/nofp\libc_nano.a(lib_a-stdio.o)
                0x0000000008004796                __sseek
 .text.__sclose
                0x00000000080047ba        0x8 f:/stm32cubeide_1.3.0/stm32cubeide/plugins/com.st.stm32cube.ide.mcu.externaltools.gnu-tools-for-stm32.9-2020-q2-update.win32_1.5.0.202011040924/tools/bin/../lib/gcc/arm-none-eabi/9.3.1/../../../../arm-none-eabi/lib/thumb/v7-m/nofp\libc_nano.a(lib_a-stdio.o)
                0x00000000080047ba                __sclose
 *fill*         0x00000000080047c2        0x2 
 .text._write_r
                0x00000000080047c4       0x24 f:/stm32cubeide_1.3.0/stm32cubeide/plugins/com.st.stm32cube.ide.mcu.externaltools.gnu-tools-for-stm32.9-2020-q2-update.win32_1.5.0.202011040924/tools/bin/../lib/gcc/arm-none-eabi/9.3.1/../../../../arm-none-eabi/lib/thumb/v7-m/nofp\libc_nano.a(lib_a-writer.o)
                0x00000000080047c4                _write_r
 .text.abort    0x00000000080047e8        0xe f:/stm32cubeide_1.3.0/stm32cubeide/plugins/com.st.stm32cube.ide.mcu.externaltools.gnu-tools-for-stm32.9-2020-q2-update.win32_1.5.0.202011040924/tools/bin/../lib/gcc/arm-none-eabi/9.3.1/../../../../arm-none-eabi/lib/thumb/v7-m/nofp\libc_nano.a(lib_a-abort.o)
                0x00000000080047e8                abort
 *fill*         0x00000000080047f6        0x2 
 .text._close_r
                0x00000000080047f8       0x20 f:/stm32cubeide_1.3.0/stm32cubeide/plugins/com.st.stm32cube.ide.mcu.externaltools.gnu-tools-for-stm32.9-2020-q2-update.win32_1.5.0.202011040924/tools/bin/../lib/gcc/arm-none-eabi/9.3.1/../../../../arm-none-eabi/lib/thumb/v7-m/nofp\libc_nano.a(lib_a-closer.o)
                0x00000000080047f8                _close_r
 .text._fstat_r
                0x0000000008004818       0x24 f:/stm32cubeide_1.3.0/stm32cubeide/plugins/com.st.stm32cube.ide.mcu.externaltools.gnu-tools-for-stm32.9-2020-q2-update.win32_1.5.0.202011040924/tools/bin/../lib/gcc/arm-none-eabi/9.3.1/../../../../arm-none-eabi/lib/thumb/v7-m/nofp\libc_nano.a(lib_a-fstatr.o)
                0x0000000008004818                _fstat_r
 .text._isatty_r
                0x000000000800483c       0x20 f:/stm32cubeide_1.3.0/stm32cubeide/plugins/com.st.stm32cube.ide.mcu.externaltools.gnu-tools-for-stm32.9-2020-q2-update.win32_1.5.0.202011040924/tools/bin/../lib/gcc/arm-none-eabi/9.3.1/../../../../arm-none-eabi/lib/thumb/v7-m/nofp\libc_nano.a(lib_a-isattyr.o)
                0x000000000800483c                _isatty_r
 .text._lseek_r
                0x000000000800485c       0x24 f:/stm32cubeide_1.3.0/stm32cubeide/plugins/com.st.stm32cube.ide.mcu.externaltools.gnu-tools-for-stm32.9-2020-q2-update.win32_1.5.0.202011040924/tools/bin/../lib/gcc/arm-none-eabi/9.3.1/../../../../arm-none-eabi/lib/thumb/v7-m/nofp\libc_nano.a(lib_a-lseekr.o)
                0x000000000800485c                _lseek_r
 .text.memchr   0x0000000008004880       0x1c f:/stm32cubeide_1.3.0/stm32cubeide/plugins/com.st.stm32cube.ide.mcu.externaltools.gnu-tools-for-stm32.9-2020-q2-update.win32_1.5.0.202011040924/tools/bin/../lib/gcc/arm-none-eabi/9.3.1/../../../../arm-none-eabi/lib/thumb/v7-m/nofp\libc_nano.a(lib_a-memchr-stub.o)
                0x0000000008004880                memchr
 .text.__malloc_lock
                0x000000000800489c        0xc f:/stm32cubeide_1.3.0/stm32cubeide/plugins/com.st.stm32cube.ide.mcu.externaltools.gnu-tools-for-stm32.9-2020-q2-update.win32_1.5.0.202011040924/tools/bin/../lib/gcc/arm-none-eabi/9.3.1/../../../../arm-none-eabi/lib/thumb/v7-m/nofp\libc_nano.a(lib_a-mlock.o)
                0x000000000800489c                __malloc_lock
 .text.__malloc_unlock
                0x00000000080048a8        0xc f:/stm32cubeide_1.3.0/stm32cubeide/plugins/com.st.stm32cube.ide.mcu.externaltools.gnu-tools-for-stm32.9-2020-q2-update.win32_1.5.0.202011040924/tools/bin/../lib/gcc/arm-none-eabi/9.3.1/../../../../arm-none-eabi/lib/thumb/v7-m/nofp\libc_nano.a(lib_a-mlock.o)
                0x00000000080048a8                __malloc_unlock
 .text._read_r  0x00000000080048b4       0x24 f:/stm32cubeide_1.3.0/stm32cubeide/plugins/com.st.stm32cube.ide.mcu.externaltools.gnu-tools-for-stm32.9-2020-q2-update.win32_1.5.0.202011040924/tools/bin/../lib/gcc/arm-none-eabi/9.3.1/../../../../arm-none-eabi/lib/thumb/v7-m/nofp\libc_nano.a(lib_a-readr.o)
                0x00000000080048b4                _read_r
 .text._raise_r
                0x00000000080048d8       0x50 f:/stm32cubeide_1.3.0/stm32cubeide/plugins/com.st.stm32cube.ide.mcu.externaltools.gnu-tools-for-stm32.9-2020-q2-update.win32_1.5.0.202011040924/tools/bin/../lib/gcc/arm-none-eabi/9.3.1/../../../../arm-none-eabi/lib/thumb/v7-m/nofp\libc_nano.a(lib_a-signal.o)
                0x00000000080048d8                _raise_r
 .text.raise    0x0000000008004928       0x10 f:/stm32cubeide_1.3.0/stm32cubeide/plugins/com.st.stm32cube.ide.mcu.externaltools.gnu-tools-for-stm32.9-2020-q2-update.win32_1.5.0.202011040924/tools/bin/../lib/gcc/arm-none-eabi/9.3.1/../../../../arm-none-eabi/lib/thumb/v7-m/nofp\libc_nano.a(lib_a-signal.o)
                0x0000000008004928                raise
 .text._kill_r  0x0000000008004938       0x24 f:/stm32cubeide_1.3.0/stm32cubeide/plugins/com.st.stm32cube.ide.mcu.externaltools.gnu-tools-for-stm32.9-2020-q2-update.win32_1.5.0.202011040924/tools/bin/../lib/gcc/arm-none-eabi/9.3.1/../../../../arm-none-eabi/lib/thumb/v7-m/nofp\libc_nano.a(lib_a-signalr.o)
                0x0000000008004938                _kill_r
 .text._getpid_r
                0x000000000800495c        0x4 f:/stm32cubeide_1.3.0/stm32cubeide/plugins/com.st.stm32cube.ide.mcu.externaltools.gnu-tools-for-stm32.9-2020-q2-update.win32_1.5.0.202011040924/tools/bin/../lib/gcc/arm-none-eabi/9.3.1/../../../../arm-none-eabi/lib/thumb/v7-m/nofp\libc_nano.a(lib_a-signalr.o)
                0x000000000800495c                _getpid_r
 *(.glue_7)
 .glue_7        0x0000000008004960        0x0 linker stubs
 *(.glue_7t)
 .glue_7t       0x0000000008004960        0x0 linker stubs
 *(.eh_frame)
 .eh_frame      0x0000000008004960        0x0 f:/stm32cubeide_1.3.0/stm32cubeide/plugins/com.st.stm32cube.ide.mcu.externaltools.gnu-tools-for-stm32.9-2020-q2-update.win32_1.5.0.202011040924/tools/bin/../lib/gcc/arm-none-eabi/9.3.1/thumb/v7-m/nofp/crtbegin.o
 *(.init)
 .init          0x0000000008004960        0x4 f:/stm32cubeide_1.3.0/stm32cubeide/plugins/com.st.stm32cube.ide.mcu.externaltools.gnu-tools-for-stm32.9-2020-q2-update.win32_1.5.0.202011040924/tools/bin/../lib/gcc/arm-none-eabi/9.3.1/thumb/v7-m/nofp/crti.o
                0x0000000008004960                _init
 .init          0x0000000008004964        0x8 f:/stm32cubeide_1.3.0/stm32cubeide/plugins/com.st.stm32cube.ide.mcu.externaltools.gnu-tools-for-stm32.9-2020-q2-update.win32_1.5.0.202011040924/tools/bin/../lib/gcc/arm-none-eabi/9.3.1/thumb/v7-m/nofp/crtn.o
 *(.fini)
 .fini          0x000000000800496c        0x4 f:/stm32cubeide_1.3.0/stm32cubeide/plugins/com.st.stm32cube.ide.mcu.externaltools.gnu-tools-for-stm32.9-2020-q2-update.win32_1.5.0.202011040924/tools/bin/../lib/gcc/arm-none-eabi/9.3.1/thumb/v7-m/nofp/crti.o
                0x000000000800496c                _fini
 .fini          0x0000000008004970        0x8 f:/stm32cubeide_1.3.0/stm32cubeide/plugins/com.st.stm32cube.ide.mcu.externaltools.gnu-tools-for-stm32.9-2020-q2-update.win32_1.5.0.202011040924/tools/bin/../lib/gcc/arm-none-eabi/9.3.1/thumb/v7-m/nofp/crtn.o
                0x0000000008004978                . = ALIGN (0x4)
                0x0000000008004978                _etext = .

.vfp11_veneer   0x0000000008004978        0x0
 .vfp11_veneer  0x0000000008004978        0x0 linker stubs

.v4_bx          0x0000000008004978        0x0
 .v4_bx         0x0000000008004978        0x0 linker stubs

.iplt           0x0000000008004978        0x0
 .iplt          0x0000000008004978        0x0 f:/stm32cubeide_1.3.0/stm32cubeide/plugins/com.st.stm32cube.ide.mcu.externaltools.gnu-tools-for-stm32.9-2020-q2-update.win32_1.5.0.202011040924/tools/bin/../lib/gcc/arm-none-eabi/9.3.1/thumb/v7-m/nofp/crtbegin.o

.rodata         0x0000000008004978     0x6ef0
                0x0000000008004978                . = ALIGN (0x4)
 *(.rodata)
 .rodata        0x0000000008004978      0x156 Core/Src/App/LcdSpeedTest/appLcdSpeedTest.o
 *fill*         0x0000000008004ace        0x2 
 .rodata        0x0000000008004ad0       0x31 Core/Src/Lcd/ili9488.o
 *fill*         0x0000000008004b01        0x3 
 .rodata        0x0000000008004b04       0x10 Drivers/STM32F1xx_HAL_Driver/Src/stm32f1xx_hal_rcc.o
 *(.rodata*)
 *fill*         0x0000000008004b14        0x4 
 .rodata.beer_60x100_16
                0x0000000008004b18     0x2f16 Core/Src/App/LcdSpeedTest/beer_60x100_16.o
                0x0000000008004b18                beer_60x100_16
 *fill*         0x0000000008007a2e        0x2 
 .rodata.Font12_Table
                0x0000000008007a30      0x474 Core/Src/Lcd/Fonts/font12.o
                0x0000000008007a30                Font12_Table
 .rodata.Font16_Table
                0x0000000008007ea4      0xbe0 Core/Src/Lcd/Fonts/font16.o
                0x0000000008007ea4                Font16_Table
 .rodata.Font20_Table
                0x0000000008008a84      0xed8 Core/Src/Lcd/Fonts/font20.o
                0x0000000008008a84                Font20_Table
 .rodata.Font24_Table
                0x000000000800995c     0x1ab8 Core/Src/Lcd/Fonts/font24.o
                0x000000000800995c                Font24_Table
 .rodata.Font8_Table
                0x000000000800b414      0x2f8 Core/Src/Lcd/Fonts/font8.o
                0x000000000800b414                Font8_Table
 .rodata.AHBPrescTable
                0x000000000800b70c       0x10 Core/Src/system_stm32f1xx.o
                0x000000000800b70c                AHBPrescTable
 .rodata._global_impure_ptr
                0x000000000800b71c        0x4 f:/stm32cubeide_1.3.0/stm32cubeide/plugins/com.st.stm32cube.ide.mcu.externaltools.gnu-tools-for-stm32.9-2020-q2-update.win32_1.5.0.202011040924/tools/bin/../lib/gcc/arm-none-eabi/9.3.1/../../../../arm-none-eabi/lib/thumb/v7-m/nofp\libc_nano.a(lib_a-impure.o)
                0x000000000800b71c                _global_impure_ptr
 .rodata.srandom.str1.1
                0x000000000800b720       0x78 f:/stm32cubeide_1.3.0/stm32cubeide/plugins/com.st.stm32cube.ide.mcu.externaltools.gnu-tools-for-stm32.9-2020-q2-update.win32_1.5.0.202011040924/tools/bin/../lib/gcc/arm-none-eabi/9.3.1/../../../../arm-none-eabi/lib/thumb/v7-m/nofp\libc_nano.a(lib_a-random.o)
 .rodata.__assert_func.str1.1
                0x000000000800b798       0x3c f:/stm32cubeide_1.3.0/stm32cubeide/plugins/com.st.stm32cube.ide.mcu.externaltools.gnu-tools-for-stm32.9-2020-q2-update.win32_1.5.0.202011040924/tools/bin/../lib/gcc/arm-none-eabi/9.3.1/../../../../arm-none-eabi/lib/thumb/v7-m/nofp\libc_nano.a(lib_a-assert.o)
                                         0x3d (size before relaxing)
 .rodata.__sf_fake_stderr
                0x000000000800b7d4       0x20 f:/stm32cubeide_1.3.0/stm32cubeide/plugins/com.st.stm32cube.ide.mcu.externaltools.gnu-tools-for-stm32.9-2020-q2-update.win32_1.5.0.202011040924/tools/bin/../lib/gcc/arm-none-eabi/9.3.1/../../../../arm-none-eabi/lib/thumb/v7-m/nofp\libc_nano.a(lib_a-findfp.o)
                0x000000000800b7d4                __sf_fake_stderr
 .rodata.__sf_fake_stdin
                0x000000000800b7f4       0x20 f:/stm32cubeide_1.3.0/stm32cubeide/plugins/com.st.stm32cube.ide.mcu.externaltools.gnu-tools-for-stm32.9-2020-q2-update.win32_1.5.0.202011040924/tools/bin/../lib/gcc/arm-none-eabi/9.3.1/../../../../arm-none-eabi/lib/thumb/v7-m/nofp\libc_nano.a(lib_a-findfp.o)
                0x000000000800b7f4                __sf_fake_stdin
 .rodata.__sf_fake_stdout
                0x000000000800b814       0x20 f:/stm32cubeide_1.3.0/stm32cubeide/plugins/com.st.stm32cube.ide.mcu.externaltools.gnu-tools-for-stm32.9-2020-q2-update.win32_1.5.0.202011040924/tools/bin/../lib/gcc/arm-none-eabi/9.3.1/../../../../arm-none-eabi/lib/thumb/v7-m/nofp\libc_nano.a(lib_a-findfp.o)
                0x000000000800b814                __sf_fake_stdout
 .rodata._vfprintf_r.str1.1
                0x000000000800b834       0x11 f:/stm32cubeide_1.3.0/stm32cubeide/plugins/com.st.stm32cube.ide.mcu.externaltools.gnu-tools-for-stm32.9-2020-q2-update.win32_1.5.0.202011040924/tools/bin/../lib/gcc/arm-none-eabi/9.3.1/../../../../arm-none-eabi/lib/thumb/v7-m/nofp\libc_nano.a(lib_a-nano-vfprintf.o)
 .rodata._printf_i.str1.1
                0x000000000800b845       0x22 f:/stm32cubeide_1.3.0/stm32cubeide/plugins/com.st.stm32cube.ide.mcu.externaltools.gnu-tools-for-stm32.9-2020-q2-update.win32_1.5.0.202011040924/tools/bin/../lib/gcc/arm-none-eabi/9.3.1/../../../../arm-none-eabi/lib/thumb/v7-m/nofp\libc_nano.a(lib_a-nano-vfprintf_i.o)
                0x000000000800b868                . = ALIGN (0x4)
 *fill*         0x000000000800b867        0x1 

.rel.dyn        0x000000000800b868        0x0
 .rel.iplt      0x000000000800b868        0x0 f:/stm32cubeide_1.3.0/stm32cubeide/plugins/com.st.stm32cube.ide.mcu.externaltools.gnu-tools-for-stm32.9-2020-q2-update.win32_1.5.0.202011040924/tools/bin/../lib/gcc/arm-none-eabi/9.3.1/thumb/v7-m/nofp/crtbegin.o

.ARM.extab      0x000000000800b868        0x0
                0x000000000800b868                . = ALIGN (0x4)
 *(.ARM.extab* .gnu.linkonce.armextab.*)
                0x000000000800b868                . = ALIGN (0x4)

.ARM            0x000000000800b868        0x0
                0x000000000800b868                . = ALIGN (0x4)
                0x000000000800b868                __exidx_start = .
 *(.ARM.exidx*)
                0x000000000800b868                __exidx_end = .
                0x000000000800b868                . = ALIGN (0x4)

.preinit_array  0x000000000800b868        0x0
                0x000000000800b868                . = ALIGN (0x4)
                0x000000000800b868                PROVIDE (__preinit_array_start = .)
 *(.preinit_array*)
                0x000000000800b868                PROVIDE (__preinit_array_end = .)
                0x000000000800b868                . = ALIGN (0x4)

.init_array     0x000000000800b868        0x4
                0x000000000800b868                . = ALIGN (0x4)
                0x000000000800b868                PROVIDE (__init_array_start = .)
 *(SORT_BY_NAME(.init_array.*))
 *(.init_array*)
 .init_array    0x000000000800b868        0x4 f:/stm32cubeide_1.3.0/stm32cubeide/plugins/com.st.stm32cube.ide.mcu.externaltools.gnu-tools-for-stm32.9-2020-q2-update.win32_1.5.0.202011040924/tools/bin/../lib/gcc/arm-none-eabi/9.3.1/thumb/v7-m/nofp/crtbegin.o
                0x000000000800b86c                PROVIDE (__init_array_end = .)
                0x000000000800b86c                . = ALIGN (0x4)

.fini_array     0x000000000800b86c        0x4
                0x000000000800b86c                . = ALIGN (0x4)
                [!provide]                        PROVIDE (__fini_array_start = .)
 *(SORT_BY_NAME(.fini_array.*))
 *(.fini_array*)
 .fini_array    0x000000000800b86c        0x4 f:/stm32cubeide_1.3.0/stm32cubeide/plugins/com.st.stm32cube.ide.mcu.externaltools.gnu-tools-for-stm32.9-2020-q2-update.win32_1.5.0.202011040924/tools/bin/../lib/gcc/arm-none-eabi/9.3.1/thumb/v7-m/nofp/crtbegin.o
                [!provide]                        PROVIDE (__fini_array_end = .)
                0x000000000800b870                . = ALIGN (0x4)
                0x000000000800b870                _sidata = LOADADDR (.data)

.data           0x0000000020000000       0xe0 load address 0x000000000800b870
                0x0000000020000000                . = ALIGN (0x4)
                0x0000000020000000                _sdata = .
 *(.data)
 *(.data*)
 .data.Font12   0x0000000020000000        0x8 Core/Src/Lcd/Fonts/font12.o
                0x0000000020000000                Font12
 .data.Font16   0x0000000020000008        0x8 Core/Src/Lcd/Fonts/font16.o
                0x0000000020000008                Font16
 .data.Font20   0x0000000020000010        0x8 Core/Src/Lcd/Fonts/font20.o
                0x0000000020000010                Font20
 .data.Font24   0x0000000020000018        0x8 Core/Src/Lcd/Fonts/font24.o
                0x0000000020000018                Font24
 .data.Font8    0x0000000020000020        0x8 Core/Src/Lcd/Fonts/font8.o
                0x0000000020000020                Font8
 .data.ili9488_drv
                0x0000000020000028       0x44 Core/Src/Lcd/ili9488.o
                0x0000000020000028                ili9488_drv
 .data.lcd_drv  0x000000002000006c        0x4 Core/Src/Lcd/ili9488.o
                0x000000002000006c                lcd_drv
 .data.SystemCoreClock
                0x0000000020000070        0x4 Core/Src/system_stm32f1xx.o
                0x0000000020000070                SystemCoreClock
 .data.uwTickPrio
                0x0000000020000074        0x4 Drivers/STM32F1xx_HAL_Driver/Src/stm32f1xx_hal.o
                0x0000000020000074                uwTickPrio
 .data.uwTickFreq
                0x0000000020000078        0x1 Drivers/STM32F1xx_HAL_Driver/Src/stm32f1xx_hal.o
                0x0000000020000078                uwTickFreq
 *fill*         0x0000000020000079        0x3 
 .data._impure_ptr
                0x000000002000007c        0x4 f:/stm32cubeide_1.3.0/stm32cubeide/plugins/com.st.stm32cube.ide.mcu.externaltools.gnu-tools-for-stm32.9-2020-q2-update.win32_1.5.0.202011040924/tools/bin/../lib/gcc/arm-none-eabi/9.3.1/../../../../arm-none-eabi/lib/thumb/v7-m/nofp\libc_nano.a(lib_a-impure.o)
                0x000000002000007c                _impure_ptr
 .data.impure_data
                0x0000000020000080       0x60 f:/stm32cubeide_1.3.0/stm32cubeide/plugins/com.st.stm32cube.ide.mcu.externaltools.gnu-tools-for-stm32.9-2020-q2-update.win32_1.5.0.202011040924/tools/bin/../lib/gcc/arm-none-eabi/9.3.1/../../../../arm-none-eabi/lib/thumb/v7-m/nofp\libc_nano.a(lib_a-impure.o)
 *(.RamFunc)
 *(.RamFunc*)
                0x00000000200000e0                . = ALIGN (0x4)
                0x00000000200000e0                _edata = .

.igot.plt       0x00000000200000e0        0x0 load address 0x000000000800b950
 .igot.plt      0x00000000200000e0        0x0 f:/stm32cubeide_1.3.0/stm32cubeide/plugins/com.st.stm32cube.ide.mcu.externaltools.gnu-tools-for-stm32.9-2020-q2-update.win32_1.5.0.202011040924/tools/bin/../lib/gcc/arm-none-eabi/9.3.1/thumb/v7-m/nofp/crtbegin.o
                0x00000000200000e0                . = ALIGN (0x4)

.bss            0x00000000200000e0     0x32a0 load address 0x000000000800b950
                0x00000000200000e0                _sbss = .
                0x00000000200000e0                __bss_start__ = _sbss
 *(.bss)
 .bss           0x00000000200000e0       0x1c f:/stm32cubeide_1.3.0/stm32cubeide/plugins/com.st.stm32cube.ide.mcu.externaltools.gnu-tools-for-stm32.9-2020-q2-update.win32_1.5.0.202011040924/tools/bin/../lib/gcc/arm-none-eabi/9.3.1/thumb/v7-m/nofp/crtbegin.o
 *(.bss*)
 .bss.Is_ili9488_Initialized
                0x00000000200000fc        0x1 Core/Src/Lcd/ili9488.o
 *fill*         0x00000000200000fd        0x3 
 .bss.scrparam.5690
                0x0000000020000100        0x8 Core/Src/Lcd/ili9488.o
 .bss.bitmap    0x0000000020000108      0x366 Core/Src/Lcd/stm32_adafruit_lcd.o
 *fill*         0x000000002000046e        0x2 
 .bss.__sbrk_heap_end
                0x0000000020000470        0x4 Core/Src/sysmem.o
 .bss.__malloc_free_list
                0x0000000020000474        0x4 f:/stm32cubeide_1.3.0/stm32cubeide/plugins/com.st.stm32cube.ide.mcu.externaltools.gnu-tools-for-stm32.9-2020-q2-update.win32_1.5.0.202011040924/tools/bin/../lib/gcc/arm-none-eabi/9.3.1/../../../../arm-none-eabi/lib/thumb/v7-m/nofp\libc_nano.a(lib_a-nano-mallocr.o)
                0x0000000020000474                __malloc_free_list
 .bss.__malloc_sbrk_start
                0x0000000020000478        0x4 f:/stm32cubeide_1.3.0/stm32cubeide/plugins/com.st.stm32cube.ide.mcu.externaltools.gnu-tools-for-stm32.9-2020-q2-update.win32_1.5.0.202011040924/tools/bin/../lib/gcc/arm-none-eabi/9.3.1/../../../../arm-none-eabi/lib/thumb/v7-m/nofp\libc_nano.a(lib_a-nano-mallocr.o)
                0x0000000020000478                __malloc_sbrk_start
 *(COMMON)
 COMMON         0x000000002000047c     0x2ee0 Core/Src/App/LcdSpeedTest/appLcdSpeedTest.o
                0x000000002000047c                bitmap
 COMMON         0x000000002000335c        0x1 Core/Src/Lcd/lcdts_io_gpio8.o
                0x000000002000335c                lcd_data8
 *fill*         0x000000002000335d        0x3 
 COMMON         0x0000000020003360        0xc Core/Src/Lcd/stm32_adafruit_lcd.o
                0x0000000020003360                DrawProp
 COMMON         0x000000002000336c        0x4 Drivers/STM32F1xx_HAL_Driver/Src/stm32f1xx_hal.o
                0x000000002000336c                uwTick
 COMMON         0x0000000020003370        0x9 f:/stm32cubeide_1.3.0/stm32cubeide/plugins/com.st.stm32cube.ide.mcu.externaltools.gnu-tools-for-stm32.9-2020-q2-update.win32_1.5.0.202011040924/tools/bin/../lib/gcc/arm-none-eabi/9.3.1/../../../../arm-none-eabi/lib/thumb/v7-m/nofp\libc_nano.a(lib_a-lock.o)
                0x0000000020003370                __lock___atexit_recursive_mutex
                0x0000000020003371                __lock___arc4random_mutex
                0x0000000020003372                __lock___env_recursive_mutex
                0x0000000020003373                __lock___sinit_recursive_mutex
                0x0000000020003374                __lock___malloc_recursive_mutex
                0x0000000020003375                __lock___at_quick_exit_mutex
                0x0000000020003376                __lock___dd_hash_mutex
                0x0000000020003377                __lock___tz_mutex
                0x0000000020003378                __lock___sfp_recursive_mutex
 *fill*         0x0000000020003379        0x3 
 COMMON         0x000000002000337c        0x4 f:/stm32cubeide_1.3.0/stm32cubeide/plugins/com.st.stm32cube.ide.mcu.externaltools.gnu-tools-for-stm32.9-2020-q2-update.win32_1.5.0.202011040924/tools/bin/../lib/gcc/arm-none-eabi/9.3.1/../../../../arm-none-eabi/lib/thumb/v7-m/nofp\libc_nano.a(lib_a-reent.o)
                0x000000002000337c                errno
                0x0000000020003380                . = ALIGN (0x4)
                0x0000000020003380                _ebss = .
                0x0000000020003380                __bss_end__ = _ebss

._user_heap_stack
                0x0000000020003380      0xa00 load address 0x000000000800b950
                0x0000000020003380                . = ALIGN (0x8)
                [!provide]                        PROVIDE (end = .)
                0x0000000020003380                PROVIDE (_end = .)
                0x0000000020003580                . = (. + _Min_Heap_Size)
 *fill*         0x0000000020003380      0x200 
                0x0000000020003d80                . = (. + _Min_Stack_Size)
 *fill*         0x0000000020003580      0x800 
                0x0000000020003d80                . = ALIGN (0x8)

/DISCARD/
 libc.a(*)
 libm.a(*)
 libgcc.a(*)

.ARM.attributes
                0x0000000000000000       0x29
 *(.ARM.attributes)
 .ARM.attributes
                0x0000000000000000       0x1d f:/stm32cubeide_1.3.0/stm32cubeide/plugins/com.st.stm32cube.ide.mcu.externaltools.gnu-tools-for-stm32.9-2020-q2-update.win32_1.5.0.202011040924/tools/bin/../lib/gcc/arm-none-eabi/9.3.1/thumb/v7-m/nofp/crti.o
 .ARM.attributes
                0x000000000000001d       0x2d f:/stm32cubeide_1.3.0/stm32cubeide/plugins/com.st.stm32cube.ide.mcu.externaltools.gnu-tools-for-stm32.9-2020-q2-update.win32_1.5.0.202011040924/tools/bin/../lib/gcc/arm-none-eabi/9.3.1/thumb/v7-m/nofp/crtbegin.o
 .ARM.attributes
                0x000000000000004a       0x2d Core/Src/App/LcdSpeedTest/appLcdSpeedTest.o
 .ARM.attributes
                0x0000000000000077       0x33 Core/Src/App/LcdSpeedTest/beer_60x100_16.o
 .ARM.attributes
                0x00000000000000aa       0x33 Core/Src/Lcd/Fonts/font12.o
 .ARM.attributes
                0x00000000000000dd       0x33 Core/Src/Lcd/Fonts/font16.o
 .ARM.attributes
                0x0000000000000110       0x33 Core/Src/Lcd/Fonts/font20.o
 .ARM.attributes
                0x0000000000000143       0x33 Core/Src/Lcd/Fonts/font24.o
 .ARM.attributes
                0x0000000000000176       0x33 Core/Src/Lcd/Fonts/font8.o
 .ARM.attributes
                0x00000000000001a9       0x2d Core/Src/Lcd/ili9488.o
 .ARM.attributes
                0x00000000000001d6       0x2d Core/Src/Lcd/lcdts_io_gpio8.o
 .ARM.attributes
                0x0000000000000203       0x2d Core/Src/Lcd/stm32_adafruit_lcd.o
 .ARM.attributes
                0x0000000000000230       0x2d Core/Src/main.o
 .ARM.attributes
                0x000000000000025d       0x2d Core/Src/stm32f1xx_hal_msp.o
 .ARM.attributes
                0x000000000000028a       0x2d Core/Src/stm32f1xx_it.o
 .ARM.attributes
                0x00000000000002b7       0x2d Core/Src/syscalls.o
 .ARM.attributes
                0x00000000000002e4       0x2d Core/Src/sysmem.o
 .ARM.attributes
                0x0000000000000311       0x2d Core/Src/system_stm32f1xx.o
 .ARM.attributes
                0x000000000000033e       0x21 Core/Startup/startup_stm32f103c8tx.o
 .ARM.attributes
                0x000000000000035f       0x2d Drivers/STM32F1xx_HAL_Driver/Src/stm32f1xx_hal.o
 .ARM.attributes
                0x000000000000038c       0x2d Drivers/STM32F1xx_HAL_Driver/Src/stm32f1xx_hal_cortex.o
 .ARM.attributes
                0x00000000000003b9       0x2d Drivers/STM32F1xx_HAL_Driver/Src/stm32f1xx_hal_rcc.o
 .ARM.attributes
                0x00000000000003e6       0x2d f:/stm32cubeide_1.3.0/stm32cubeide/plugins/com.st.stm32cube.ide.mcu.externaltools.gnu-tools-for-stm32.9-2020-q2-update.win32_1.5.0.202011040924/tools/bin/../lib/gcc/arm-none-eabi/9.3.1/../../../../arm-none-eabi/lib/thumb/v7-m/nofp\libc_nano.a(lib_a-errno.o)
 .ARM.attributes
                0x0000000000000413       0x2d f:/stm32cubeide_1.3.0/stm32cubeide/plugins/com.st.stm32cube.ide.mcu.externaltools.gnu-tools-for-stm32.9-2020-q2-update.win32_1.5.0.202011040924/tools/bin/../lib/gcc/arm-none-eabi/9.3.1/../../../../arm-none-eabi/lib/thumb/v7-m/nofp\libc_nano.a(lib_a-impure.o)
 .ARM.attributes
                0x0000000000000440       0x2d f:/stm32cubeide_1.3.0/stm32cubeide/plugins/com.st.stm32cube.ide.mcu.externaltools.gnu-tools-for-stm32.9-2020-q2-update.win32_1.5.0.202011040924/tools/bin/../lib/gcc/arm-none-eabi/9.3.1/../../../../arm-none-eabi/lib/thumb/v7-m/nofp\libc_nano.a(lib_a-init.o)
 .ARM.attributes
                0x000000000000046d       0x2d f:/stm32cubeide_1.3.0/stm32cubeide/plugins/com.st.stm32cube.ide.mcu.externaltools.gnu-tools-for-stm32.9-2020-q2-update.win32_1.5.0.202011040924/tools/bin/../lib/gcc/arm-none-eabi/9.3.1/../../../../arm-none-eabi/lib/thumb/v7-m/nofp\libc_nano.a(lib_a-memset.o)
 .ARM.attributes
                0x000000000000049a       0x2d f:/stm32cubeide_1.3.0/stm32cubeide/plugins/com.st.stm32cube.ide.mcu.externaltools.gnu-tools-for-stm32.9-2020-q2-update.win32_1.5.0.202011040924/tools/bin/../lib/gcc/arm-none-eabi/9.3.1/../../../../arm-none-eabi/lib/thumb/v7-m/nofp\libc_nano.a(lib_a-printf.o)
 .ARM.attributes
                0x00000000000004c7       0x2d f:/stm32cubeide_1.3.0/stm32cubeide/plugins/com.st.stm32cube.ide.mcu.externaltools.gnu-tools-for-stm32.9-2020-q2-update.win32_1.5.0.202011040924/tools/bin/../lib/gcc/arm-none-eabi/9.3.1/../../../../arm-none-eabi/lib/thumb/v7-m/nofp\libc_nano.a(lib_a-puts.o)
 .ARM.attributes
                0x00000000000004f4       0x2d f:/stm32cubeide_1.3.0/stm32cubeide/plugins/com.st.stm32cube.ide.mcu.externaltools.gnu-tools-for-stm32.9-2020-q2-update.win32_1.5.0.202011040924/tools/bin/../lib/gcc/arm-none-eabi/9.3.1/../../../../arm-none-eabi/lib/thumb/v7-m/nofp\libc_nano.a(lib_a-random.o)
 .ARM.attributes
                0x0000000000000521       0x2d f:/stm32cubeide_1.3.0/stm32cubeide/plugins/com.st.stm32cube.ide.mcu.externaltools.gnu-tools-for-stm32.9-2020-q2-update.win32_1.5.0.202011040924/tools/bin/../lib/gcc/arm-none-eabi/9.3.1/../../../../arm-none-eabi/lib/thumb/v7-m/nofp\libc_nano.a(lib_a-wbuf.o)
 .ARM.attributes
                0x000000000000054e       0x2d f:/stm32cubeide_1.3.0/stm32cubeide/plugins/com.st.stm32cube.ide.mcu.externaltools.gnu-tools-for-stm32.9-2020-q2-update.win32_1.5.0.202011040924/tools/bin/../lib/gcc/arm-none-eabi/9.3.1/../../../../arm-none-eabi/lib/thumb/v7-m/nofp\libc_nano.a(lib_a-wsetup.o)
 .ARM.attributes
                0x000000000000057b       0x2d f:/stm32cubeide_1.3.0/stm32cubeide/plugins/com.st.stm32cube.ide.mcu.externaltools.gnu-tools-for-stm32.9-2020-q2-update.win32_1.5.0.202011040924/tools/bin/../lib/gcc/arm-none-eabi/9.3.1/../../../../arm-none-eabi/lib/thumb/v7-m/nofp\libc_nano.a(lib_a-assert.o)
 .ARM.attributes
                0x00000000000005a8       0x2d f:/stm32cubeide_1.3.0/stm32cubeide/plugins/com.st.stm32cube.ide.mcu.externaltools.gnu-tools-for-stm32.9-2020-q2-update.win32_1.5.0.202011040924/tools/bin/../lib/gcc/arm-none-eabi/9.3.1/../../../../arm-none-eabi/lib/thumb/v7-m/nofp\libc_nano.a(lib_a-fflush.o)
 .ARM.attributes
                0x00000000000005d5       0x2d f:/stm32cubeide_1.3.0/stm32cubeide/plugins/com.st.stm32cube.ide.mcu.externaltools.gnu-tools-for-stm32.9-2020-q2-update.win32_1.5.0.202011040924/tools/bin/../lib/gcc/arm-none-eabi/9.3.1/../../../../arm-none-eabi/lib/thumb/v7-m/nofp\libc_nano.a(lib_a-findfp.o)
 .ARM.attributes
                0x0000000000000602       0x2d f:/stm32cubeide_1.3.0/stm32cubeide/plugins/com.st.stm32cube.ide.mcu.externaltools.gnu-tools-for-stm32.9-2020-q2-update.win32_1.5.0.202011040924/tools/bin/../lib/gcc/arm-none-eabi/9.3.1/../../../../arm-none-eabi/lib/thumb/v7-m/nofp\libc_nano.a(lib_a-fprintf.o)
 .ARM.attributes
                0x000000000000062f       0x2d f:/stm32cubeide_1.3.0/stm32cubeide/plugins/com.st.stm32cube.ide.mcu.externaltools.gnu-tools-for-stm32.9-2020-q2-update.win32_1.5.0.202011040924/tools/bin/../lib/gcc/arm-none-eabi/9.3.1/../../../../arm-none-eabi/lib/thumb/v7-m/nofp\libc_nano.a(lib_a-fwalk.o)
 .ARM.attributes
                0x000000000000065c       0x2d f:/stm32cubeide_1.3.0/stm32cubeide/plugins/com.st.stm32cube.ide.mcu.externaltools.gnu-tools-for-stm32.9-2020-q2-update.win32_1.5.0.202011040924/tools/bin/../lib/gcc/arm-none-eabi/9.3.1/../../../../arm-none-eabi/lib/thumb/v7-m/nofp\libc_nano.a(lib_a-lock.o)
 .ARM.attributes
                0x0000000000000689       0x2d f:/stm32cubeide_1.3.0/stm32cubeide/plugins/com.st.stm32cube.ide.mcu.externaltools.gnu-tools-for-stm32.9-2020-q2-update.win32_1.5.0.202011040924/tools/bin/../lib/gcc/arm-none-eabi/9.3.1/../../../../arm-none-eabi/lib/thumb/v7-m/nofp\libc_nano.a(lib_a-makebuf.o)
 .ARM.attributes
                0x00000000000006b6       0x2d f:/stm32cubeide_1.3.0/stm32cubeide/plugins/com.st.stm32cube.ide.mcu.externaltools.gnu-tools-for-stm32.9-2020-q2-update.win32_1.5.0.202011040924/tools/bin/../lib/gcc/arm-none-eabi/9.3.1/../../../../arm-none-eabi/lib/thumb/v7-m/nofp\libc_nano.a(lib_a-malloc.o)
 .ARM.attributes
                0x00000000000006e3       0x2d f:/stm32cubeide_1.3.0/stm32cubeide/plugins/com.st.stm32cube.ide.mcu.externaltools.gnu-tools-for-stm32.9-2020-q2-update.win32_1.5.0.202011040924/tools/bin/../lib/gcc/arm-none-eabi/9.3.1/../../../../arm-none-eabi/lib/thumb/v7-m/nofp\libc_nano.a(lib_a-nano-freer.o)
 .ARM.attributes
                0x0000000000000710       0x2d f:/stm32cubeide_1.3.0/stm32cubeide/plugins/com.st.stm32cube.ide.mcu.externaltools.gnu-tools-for-stm32.9-2020-q2-update.win32_1.5.0.202011040924/tools/bin/../lib/gcc/arm-none-eabi/9.3.1/../../../../arm-none-eabi/lib/thumb/v7-m/nofp\libc_nano.a(lib_a-nano-mallocr.o)
 .ARM.attributes
                0x000000000000073d       0x2d f:/stm32cubeide_1.3.0/stm32cubeide/plugins/com.st.stm32cube.ide.mcu.externaltools.gnu-tools-for-stm32.9-2020-q2-update.win32_1.5.0.202011040924/tools/bin/../lib/gcc/arm-none-eabi/9.3.1/../../../../arm-none-eabi/lib/thumb/v7-m/nofp\libc_nano.a(lib_a-nano-vfprintf.o)
 .ARM.attributes
                0x000000000000076a       0x2d f:/stm32cubeide_1.3.0/stm32cubeide/plugins/com.st.stm32cube.ide.mcu.externaltools.gnu-tools-for-stm32.9-2020-q2-update.win32_1.5.0.202011040924/tools/bin/../lib/gcc/arm-none-eabi/9.3.1/../../../../arm-none-eabi/lib/thumb/v7-m/nofp\libc_nano.a(lib_a-nano-vfprintf_i.o)
 .ARM.attributes
                0x0000000000000797       0x2d f:/stm32cubeide_1.3.0/stm32cubeide/plugins/com.st.stm32cube.ide.mcu.externaltools.gnu-tools-for-stm32.9-2020-q2-update.win32_1.5.0.202011040924/tools/bin/../lib/gcc/arm-none-eabi/9.3.1/../../../../arm-none-eabi/lib/thumb/v7-m/nofp\libc_nano.a(lib_a-sbrkr.o)
 .ARM.attributes
                0x00000000000007c4       0x2d f:/stm32cubeide_1.3.0/stm32cubeide/plugins/com.st.stm32cube.ide.mcu.externaltools.gnu-tools-for-stm32.9-2020-q2-update.win32_1.5.0.202011040924/tools/bin/../lib/gcc/arm-none-eabi/9.3.1/../../../../arm-none-eabi/lib/thumb/v7-m/nofp\libc_nano.a(lib_a-stdio.o)
 .ARM.attributes
                0x00000000000007f1       0x2d f:/stm32cubeide_1.3.0/stm32cubeide/plugins/com.st.stm32cube.ide.mcu.externaltools.gnu-tools-for-stm32.9-2020-q2-update.win32_1.5.0.202011040924/tools/bin/../lib/gcc/arm-none-eabi/9.3.1/../../../../arm-none-eabi/lib/thumb/v7-m/nofp\libc_nano.a(lib_a-writer.o)
 .ARM.attributes
                0x000000000000081e       0x2d f:/stm32cubeide_1.3.0/stm32cubeide/plugins/com.st.stm32cube.ide.mcu.externaltools.gnu-tools-for-stm32.9-2020-q2-update.win32_1.5.0.202011040924/tools/bin/../lib/gcc/arm-none-eabi/9.3.1/../../../../arm-none-eabi/lib/thumb/v7-m/nofp\libc_nano.a(lib_a-abort.o)
 .ARM.attributes
                0x000000000000084b       0x2d f:/stm32cubeide_1.3.0/stm32cubeide/plugins/com.st.stm32cube.ide.mcu.externaltools.gnu-tools-for-stm32.9-2020-q2-update.win32_1.5.0.202011040924/tools/bin/../lib/gcc/arm-none-eabi/9.3.1/../../../../arm-none-eabi/lib/thumb/v7-m/nofp\libc_nano.a(lib_a-closer.o)
 .ARM.attributes
                0x0000000000000878       0x2d f:/stm32cubeide_1.3.0/stm32cubeide/plugins/com.st.stm32cube.ide.mcu.externaltools.gnu-tools-for-stm32.9-2020-q2-update.win32_1.5.0.202011040924/tools/bin/../lib/gcc/arm-none-eabi/9.3.1/../../../../arm-none-eabi/lib/thumb/v7-m/nofp\libc_nano.a(lib_a-fstatr.o)
 .ARM.attributes
                0x00000000000008a5       0x2d f:/stm32cubeide_1.3.0/stm32cubeide/plugins/com.st.stm32cube.ide.mcu.externaltools.gnu-tools-for-stm32.9-2020-q2-update.win32_1.5.0.202011040924/tools/bin/../lib/gcc/arm-none-eabi/9.3.1/../../../../arm-none-eabi/lib/thumb/v7-m/nofp\libc_nano.a(lib_a-isattyr.o)
 .ARM.attributes
                0x00000000000008d2       0x2d f:/stm32cubeide_1.3.0/stm32cubeide/plugins/com.st.stm32cube.ide.mcu.externaltools.gnu-tools-for-stm32.9-2020-q2-update.win32_1.5.0.202011040924/tools/bin/../lib/gcc/arm-none-eabi/9.3.1/../../../../arm-none-eabi/lib/thumb/v7-m/nofp\libc_nano.a(lib_a-lseekr.o)
 .ARM.attributes
                0x00000000000008ff       0x2d f:/stm32cubeide_1.3.0/stm32cubeide/plugins/com.st.stm32cube.ide.mcu.externaltools.gnu-tools-for-stm32.9-2020-q2-update.win32_1.5.0.202011040924/tools/bin/../lib/gcc/arm-none-eabi/9.3.1/../../../../arm-none-eabi/lib/thumb/v7-m/nofp\libc_nano.a(lib_a-memchr-stub.o)
 .ARM.attributes
                0x000000000000092c       0x2d f:/stm32cubeide_1.3.0/stm32cubeide/plugins/com.st.stm32cube.ide.mcu.externaltools.gnu-tools-for-stm32.9-2020-q2-update.win32_1.5.0.202011040924/tools/bin/../lib/gcc/arm-none-eabi/9.3.1/../../../../arm-none-eabi/lib/thumb/v7-m/nofp\libc_nano.a(lib_a-mlock.o)
 .ARM.attributes
                0x0000000000000959       0x2d f:/stm32cubeide_1.3.0/stm32cubeide/plugins/com.st.stm32cube.ide.mcu.externaltools.gnu-tools-for-stm32.9-2020-q2-update.win32_1.5.0.202011040924/tools/bin/../lib/gcc/arm-none-eabi/9.3.1/../../../../arm-none-eabi/lib/thumb/v7-m/nofp\libc_nano.a(lib_a-readr.o)
 .ARM.attributes
                0x0000000000000986       0x2d f:/stm32cubeide_1.3.0/stm32cubeide/plugins/com.st.stm32cube.ide.mcu.externaltools.gnu-tools-for-stm32.9-2020-q2-update.win32_1.5.0.202011040924/tools/bin/../lib/gcc/arm-none-eabi/9.3.1/../../../../arm-none-eabi/lib/thumb/v7-m/nofp\libc_nano.a(lib_a-reent.o)
 .ARM.attributes
                0x00000000000009b3       0x2d f:/stm32cubeide_1.3.0/stm32cubeide/plugins/com.st.stm32cube.ide.mcu.externaltools.gnu-tools-for-stm32.9-2020-q2-update.win32_1.5.0.202011040924/tools/bin/../lib/gcc/arm-none-eabi/9.3.1/../../../../arm-none-eabi/lib/thumb/v7-m/nofp\libc_nano.a(lib_a-signal.o)
 .ARM.attributes
                0x00000000000009e0       0x2d f:/stm32cubeide_1.3.0/stm32cubeide/plugins/com.st.stm32cube.ide.mcu.externaltools.gnu-tools-for-stm32.9-2020-q2-update.win32_1.5.0.202011040924/tools/bin/../lib/gcc/arm-none-eabi/9.3.1/../../../../arm-none-eabi/lib/thumb/v7-m/nofp\libc_nano.a(lib_a-signalr.o)
 .ARM.attributes
                0x0000000000000a0d       0x1d f:/stm32cubeide_1.3.0/stm32cubeide/plugins/com.st.stm32cube.ide.mcu.externaltools.gnu-tools-for-stm32.9-2020-q2-update.win32_1.5.0.202011040924/tools/bin/../lib/gcc/arm-none-eabi/9.3.1/thumb/v7-m/nofp/crtn.o
OUTPUT(LCDTest.elf elf32-littlearm)
LOAD linker stubs
LOAD f:/stm32cubeide_1.3.0/stm32cubeide/plugins/com.st.stm32cube.ide.mcu.externaltools.gnu-tools-for-stm32.9-2020-q2-update.win32_1.5.0.202011040924/tools/bin/../lib/gcc/arm-none-eabi/9.3.1/../../../../arm-none-eabi/lib/thumb/v7-m/nofp\libc.a
LOAD f:/stm32cubeide_1.3.0/stm32cubeide/plugins/com.st.stm32cube.ide.mcu.externaltools.gnu-tools-for-stm32.9-2020-q2-update.win32_1.5.0.202011040924/tools/bin/../lib/gcc/arm-none-eabi/9.3.1/../../../../arm-none-eabi/lib/thumb/v7-m/nofp\libm.a
LOAD f:/stm32cubeide_1.3.0/stm32cubeide/plugins/com.st.stm32cube.ide.mcu.externaltools.gnu-tools-for-stm32.9-2020-q2-update.win32_1.5.0.202011040924/tools/bin/../lib/gcc/arm-none-eabi/9.3.1/thumb/v7-m/nofp\libgcc.a

.debug_info     0x0000000000000000     0x84ef
 .debug_info    0x0000000000000000     0x12a1 Core/Src/App/LcdSpeedTest/appLcdSpeedTest.o
 .debug_info    0x00000000000012a1      0x204 Core/Src/App/LcdSpeedTest/beer_60x100_16.o
 .debug_info    0x00000000000014a5      0x157 Core/Src/Lcd/Fonts/font12.o
 .debug_info    0x00000000000015fc      0x157 Core/Src/Lcd/Fonts/font16.o
 .debug_info    0x0000000000001753      0x157 Core/Src/Lcd/Fonts/font20.o
 .debug_info    0x00000000000018aa      0x157 Core/Src/Lcd/Fonts/font24.o
 .debug_info    0x0000000000001a01      0x157 Core/Src/Lcd/Fonts/font8.o
 .debug_info    0x0000000000001b58      0xace Core/Src/Lcd/ili9488.o
 .debug_info    0x0000000000002626      0xa34 Core/Src/Lcd/lcdts_io_gpio8.o
 .debug_info    0x000000000000305a     0x12b2 Core/Src/Lcd/stm32_adafruit_lcd.o
 .debug_info    0x000000000000430c      0x444 Core/Src/main.o
 .debug_info    0x0000000000004750      0x2fc Core/Src/stm32f1xx_hal_msp.o
 .debug_info    0x0000000000004a4c      0x222 Core/Src/stm32f1xx_it.o
 .debug_info    0x0000000000004c6e      0xfa8 Core/Src/syscalls.o
 .debug_info    0x0000000000005c16      0xa25 Core/Src/sysmem.o
 .debug_info    0x000000000000663b      0x2be Core/Src/system_stm32f1xx.o
 .debug_info    0x00000000000068f9       0x22 Core/Startup/startup_stm32f103c8tx.o
 .debug_info    0x000000000000691b      0x76a Drivers/STM32F1xx_HAL_Driver/Src/stm32f1xx_hal.o
 .debug_info    0x0000000000007085      0xbdc Drivers/STM32F1xx_HAL_Driver/Src/stm32f1xx_hal_cortex.o
 .debug_info    0x0000000000007c61      0x88e Drivers/STM32F1xx_HAL_Driver/Src/stm32f1xx_hal_rcc.o

.debug_abbrev   0x0000000000000000     0x1e26
 .debug_abbrev  0x0000000000000000      0x2a3 Core/Src/App/LcdSpeedTest/appLcdSpeedTest.o
 .debug_abbrev  0x00000000000002a3       0x87 Core/Src/App/LcdSpeedTest/beer_60x100_16.o
 .debug_abbrev  0x000000000000032a       0xb1 Core/Src/Lcd/Fonts/font12.o
 .debug_abbrev  0x00000000000003db       0xb1 Core/Src/Lcd/Fonts/font16.o
 .debug_abbrev  0x000000000000048c       0xb1 Core/Src/Lcd/Fonts/font20.o
 .debug_abbrev  0x000000000000053d       0xb1 Core/Src/Lcd/Fonts/font24.o
 .debug_abbrev  0x00000000000005ee       0xb1 Core/Src/Lcd/Fonts/font8.o
 .debug_abbrev  0x000000000000069f      0x226 Core/Src/Lcd/ili9488.o
 .debug_abbrev  0x00000000000008c5      0x1f9 Core/Src/Lcd/lcdts_io_gpio8.o
 .debug_abbrev  0x0000000000000abe      0x2ae Core/Src/Lcd/stm32_adafruit_lcd.o
 .debug_abbrev  0x0000000000000d6c      0x1b3 Core/Src/main.o
 .debug_abbrev  0x0000000000000f1f      0x11d Core/Src/stm32f1xx_hal_msp.o
 .debug_abbrev  0x000000000000103c       0xd2 Core/Src/stm32f1xx_it.o
 .debug_abbrev  0x000000000000110e      0x286 Core/Src/syscalls.o
 .debug_abbrev  0x0000000000001394      0x1bf Core/Src/sysmem.o
 .debug_abbrev  0x0000000000001553      0x14e Core/Src/system_stm32f1xx.o
 .debug_abbrev  0x00000000000016a1       0x12 Core/Startup/startup_stm32f103c8tx.o
 .debug_abbrev  0x00000000000016b3      0x1ed Drivers/STM32F1xx_HAL_Driver/Src/stm32f1xx_hal.o
 .debug_abbrev  0x00000000000018a0      0x313 Drivers/STM32F1xx_HAL_Driver/Src/stm32f1xx_hal_cortex.o
 .debug_abbrev  0x0000000000001bb3      0x273 Drivers/STM32F1xx_HAL_Driver/Src/stm32f1xx_hal_rcc.o

.debug_aranges  0x0000000000000000      0x828
 .debug_aranges
                0x0000000000000000       0x80 Core/Src/App/LcdSpeedTest/appLcdSpeedTest.o
 .debug_aranges
                0x0000000000000080       0x18 Core/Src/App/LcdSpeedTest/beer_60x100_16.o
 .debug_aranges
                0x0000000000000098       0x18 Core/Src/Lcd/Fonts/font12.o
 .debug_aranges
                0x00000000000000b0       0x18 Core/Src/Lcd/Fonts/font16.o
 .debug_aranges
                0x00000000000000c8       0x18 Core/Src/Lcd/Fonts/font20.o
 .debug_aranges
                0x00000000000000e0       0x18 Core/Src/Lcd/Fonts/font24.o
 .debug_aranges
                0x00000000000000f8       0x18 Core/Src/Lcd/Fonts/font8.o
 .debug_aranges
                0x0000000000000110       0xb8 Core/Src/Lcd/ili9488.o
 .debug_aranges
                0x00000000000001c8       0xe0 Core/Src/Lcd/lcdts_io_gpio8.o
 .debug_aranges
                0x00000000000002a8      0x140 Core/Src/Lcd/stm32_adafruit_lcd.o
 .debug_aranges
                0x00000000000003e8       0x38 Core/Src/main.o
 .debug_aranges
                0x0000000000000420       0x20 Core/Src/stm32f1xx_hal_msp.o
 .debug_aranges
                0x0000000000000440       0x60 Core/Src/stm32f1xx_it.o
 .debug_aranges
                0x00000000000004a0       0xa8 Core/Src/syscalls.o
 .debug_aranges
                0x0000000000000548       0x20 Core/Src/sysmem.o
 .debug_aranges
                0x0000000000000568       0x28 Core/Src/system_stm32f1xx.o
 .debug_aranges
                0x0000000000000590       0x28 Core/Startup/startup_stm32f103c8tx.o
 .debug_aranges
                0x00000000000005b8       0xe0 Drivers/STM32F1xx_HAL_Driver/Src/stm32f1xx_hal.o
 .debug_aranges
                0x0000000000000698      0x100 Drivers/STM32F1xx_HAL_Driver/Src/stm32f1xx_hal_cortex.o
 .debug_aranges
                0x0000000000000798       0x90 Drivers/STM32F1xx_HAL_Driver/Src/stm32f1xx_hal_rcc.o

.debug_ranges   0x0000000000000000      0x6c0
 .debug_ranges  0x0000000000000000       0x70 Core/Src/App/LcdSpeedTest/appLcdSpeedTest.o
 .debug_ranges  0x0000000000000070       0xa8 Core/Src/Lcd/ili9488.o
 .debug_ranges  0x0000000000000118       0xd0 Core/Src/Lcd/lcdts_io_gpio8.o
 .debug_ranges  0x00000000000001e8      0x130 Core/Src/Lcd/stm32_adafruit_lcd.o
 .debug_ranges  0x0000000000000318       0x28 Core/Src/main.o
 .debug_ranges  0x0000000000000340       0x10 Core/Src/stm32f1xx_hal_msp.o
 .debug_ranges  0x0000000000000350       0x50 Core/Src/stm32f1xx_it.o
 .debug_ranges  0x00000000000003a0       0x98 Core/Src/syscalls.o
 .debug_ranges  0x0000000000000438       0x10 Core/Src/sysmem.o
 .debug_ranges  0x0000000000000448       0x18 Core/Src/system_stm32f1xx.o
 .debug_ranges  0x0000000000000460       0x20 Core/Startup/startup_stm32f103c8tx.o
 .debug_ranges  0x0000000000000480       0xd0 Drivers/STM32F1xx_HAL_Driver/Src/stm32f1xx_hal.o
 .debug_ranges  0x0000000000000550       0xf0 Drivers/STM32F1xx_HAL_Driver/Src/stm32f1xx_hal_cortex.o
 .debug_ranges  0x0000000000000640       0x80 Drivers/STM32F1xx_HAL_Driver/Src/stm32f1xx_hal_rcc.o

.debug_macro    0x0000000000000000    0x18123
 .debug_macro   0x0000000000000000      0x3d4 Core/Src/App/LcdSpeedTest/appLcdSpeedTest.o
 .debug_macro   0x00000000000003d4      0xa9c Core/Src/App/LcdSpeedTest/appLcdSpeedTest.o
 .debug_macro   0x0000000000000e70       0x18 Core/Src/App/LcdSpeedTest/appLcdSpeedTest.o
 .debug_macro   0x0000000000000e88       0x22 Core/Src/App/LcdSpeedTest/appLcdSpeedTest.o
 .debug_macro   0x0000000000000eaa       0x4c Core/Src/App/LcdSpeedTest/appLcdSpeedTest.o
 .debug_macro   0x0000000000000ef6       0x94 Core/Src/App/LcdSpeedTest/appLcdSpeedTest.o
 .debug_macro   0x0000000000000f8a       0x3c Core/Src/App/LcdSpeedTest/appLcdSpeedTest.o
 .debug_macro   0x0000000000000fc6       0x34 Core/Src/App/LcdSpeedTest/appLcdSpeedTest.o
 .debug_macro   0x0000000000000ffa       0x16 Core/Src/App/LcdSpeedTest/appLcdSpeedTest.o
 .debug_macro   0x0000000000001010      0x10e Core/Src/App/LcdSpeedTest/appLcdSpeedTest.o
 .debug_macro   0x000000000000111e       0x8d Core/Src/App/LcdSpeedTest/appLcdSpeedTest.o
 .debug_macro   0x00000000000011ab       0x16 Core/Src/App/LcdSpeedTest/appLcdSpeedTest.o
 .debug_macro   0x00000000000011c1       0x43 Core/Src/App/LcdSpeedTest/appLcdSpeedTest.o
 .debug_macro   0x0000000000001204       0x57 Core/Src/App/LcdSpeedTest/appLcdSpeedTest.o
 .debug_macro   0x000000000000125b       0x34 Core/Src/App/LcdSpeedTest/appLcdSpeedTest.o
 .debug_macro   0x000000000000128f       0x10 Core/Src/App/LcdSpeedTest/appLcdSpeedTest.o
 .debug_macro   0x000000000000129f       0x58 Core/Src/App/LcdSpeedTest/appLcdSpeedTest.o
 .debug_macro   0x00000000000012f7       0x71 Core/Src/App/LcdSpeedTest/appLcdSpeedTest.o
 .debug_macro   0x0000000000001368       0x1c Core/Src/App/LcdSpeedTest/appLcdSpeedTest.o
 .debug_macro   0x0000000000001384      0x12a Core/Src/App/LcdSpeedTest/appLcdSpeedTest.o
 .debug_macro   0x00000000000014ae      0x339 Core/Src/App/LcdSpeedTest/appLcdSpeedTest.o
 .debug_macro   0x00000000000017e7       0x16 Core/Src/App/LcdSpeedTest/appLcdSpeedTest.o
 .debug_macro   0x00000000000017fd       0x29 Core/Src/App/LcdSpeedTest/appLcdSpeedTest.o
 .debug_macro   0x0000000000001826       0x1c Core/Src/App/LcdSpeedTest/appLcdSpeedTest.o
 .debug_macro   0x0000000000001842       0x35 Core/Src/App/LcdSpeedTest/appLcdSpeedTest.o
 .debug_macro   0x0000000000001877       0x10 Core/Src/App/LcdSpeedTest/appLcdSpeedTest.o
 .debug_macro   0x0000000000001887       0x10 Core/Src/App/LcdSpeedTest/appLcdSpeedTest.o
 .debug_macro   0x0000000000001897       0x6a Core/Src/App/LcdSpeedTest/appLcdSpeedTest.o
 .debug_macro   0x0000000000001901       0x1c Core/Src/App/LcdSpeedTest/appLcdSpeedTest.o
 .debug_macro   0x000000000000191d       0x52 Core/Src/App/LcdSpeedTest/appLcdSpeedTest.o
 .debug_macro   0x000000000000196f       0x22 Core/Src/App/LcdSpeedTest/appLcdSpeedTest.o
 .debug_macro   0x0000000000001991       0x10 Core/Src/App/LcdSpeedTest/appLcdSpeedTest.o
 .debug_macro   0x00000000000019a1       0x40 Core/Src/App/LcdSpeedTest/appLcdSpeedTest.o
 .debug_macro   0x00000000000019e1       0xd5 Core/Src/App/LcdSpeedTest/appLcdSpeedTest.o
 .debug_macro   0x0000000000001ab6       0x1c Core/Src/App/LcdSpeedTest/appLcdSpeedTest.o
 .debug_macro   0x0000000000001ad2       0x3d Core/Src/App/LcdSpeedTest/appLcdSpeedTest.o
 .debug_macro   0x0000000000001b0f       0x16 Core/Src/App/LcdSpeedTest/appLcdSpeedTest.o
 .debug_macro   0x0000000000001b25      0x145 Core/Src/App/LcdSpeedTest/appLcdSpeedTest.o
 .debug_macro   0x0000000000001c6a       0x16 Core/Src/App/LcdSpeedTest/appLcdSpeedTest.o
 .debug_macro   0x0000000000001c80       0x20 Core/Src/App/LcdSpeedTest/appLcdSpeedTest.o
 .debug_macro   0x0000000000001ca0      0x20f Core/Src/App/LcdSpeedTest/appLcdSpeedTest.o
 .debug_macro   0x0000000000001eaf       0x2e Core/Src/App/LcdSpeedTest/appLcdSpeedTest.o
 .debug_macro   0x0000000000001edd       0x22 Core/Src/App/LcdSpeedTest/appLcdSpeedTest.o
 .debug_macro   0x0000000000001eff      0x103 Core/Src/App/LcdSpeedTest/appLcdSpeedTest.o
 .debug_macro   0x0000000000002002      0x1df Core/Src/App/LcdSpeedTest/appLcdSpeedTest.o
 .debug_macro   0x00000000000021e1       0x1c Core/Src/App/LcdSpeedTest/appLcdSpeedTest.o
 .debug_macro   0x00000000000021fd       0x22 Core/Src/App/LcdSpeedTest/appLcdSpeedTest.o
 .debug_macro   0x000000000000221f       0xbd Core/Src/App/LcdSpeedTest/appLcdSpeedTest.o
 .debug_macro   0x00000000000022dc      0xd23 Core/Src/App/LcdSpeedTest/appLcdSpeedTest.o
 .debug_macro   0x0000000000002fff     0xe09e Core/Src/App/LcdSpeedTest/appLcdSpeedTest.o
 .debug_macro   0x000000000001109d       0x6d Core/Src/App/LcdSpeedTest/appLcdSpeedTest.o
 .debug_macro   0x000000000001110a     0x3468 Core/Src/App/LcdSpeedTest/appLcdSpeedTest.o
 .debug_macro   0x0000000000014572       0x56 Core/Src/App/LcdSpeedTest/appLcdSpeedTest.o
 .debug_macro   0x00000000000145c8      0x5be Core/Src/App/LcdSpeedTest/appLcdSpeedTest.o
 .debug_macro   0x0000000000014b86      0x289 Core/Src/App/LcdSpeedTest/appLcdSpeedTest.o
 .debug_macro   0x0000000000014e0f      0x1cb Core/Src/App/LcdSpeedTest/appLcdSpeedTest.o
 .debug_macro   0x0000000000014fda      0x114 Core/Src/App/LcdSpeedTest/appLcdSpeedTest.o
 .debug_macro   0x00000000000150ee      0x1b2 Core/Src/App/LcdSpeedTest/appLcdSpeedTest.o
 .debug_macro   0x00000000000152a0       0x27 Core/Src/App/LcdSpeedTest/appLcdSpeedTest.o
 .debug_macro   0x00000000000152c7      0x136 Core/Src/App/LcdSpeedTest/appLcdSpeedTest.o
 .debug_macro   0x00000000000153fd      0x1bc Core/Src/App/LcdSpeedTest/appLcdSpeedTest.o
 .debug_macro   0x00000000000155b9       0x34 Core/Src/App/LcdSpeedTest/appLcdSpeedTest.o
 .debug_macro   0x00000000000155ed       0x3c Core/Src/App/LcdSpeedTest/appLcdSpeedTest.o
 .debug_macro   0x0000000000015629       0x57 Core/Src/App/LcdSpeedTest/appLcdSpeedTest.o
 .debug_macro   0x0000000000015680       0x88 Core/Src/App/LcdSpeedTest/appLcdSpeedTest.o
 .debug_macro   0x0000000000015708      0x241 Core/Src/App/LcdSpeedTest/appLcdSpeedTest.o
 .debug_macro   0x0000000000015949      0x141 Core/Src/App/LcdSpeedTest/appLcdSpeedTest.o
 .debug_macro   0x0000000000015a8a       0x83 Core/Src/App/LcdSpeedTest/appLcdSpeedTest.o
 .debug_macro   0x0000000000015b0d       0x10 Core/Src/App/LcdSpeedTest/appLcdSpeedTest.o
 .debug_macro   0x0000000000015b1d       0x10 Core/Src/App/LcdSpeedTest/appLcdSpeedTest.o
 .debug_macro   0x0000000000015b2d       0x77 Core/Src/App/LcdSpeedTest/appLcdSpeedTest.o
 .debug_macro   0x0000000000015ba4       0x88 Core/Src/App/LcdSpeedTest/beer_60x100_16.o
 .debug_macro   0x0000000000015c2c       0x8e Core/Src/App/LcdSpeedTest/beer_60x100_16.o
 .debug_macro   0x0000000000015cba       0x51 Core/Src/App/LcdSpeedTest/beer_60x100_16.o
 .debug_macro   0x0000000000015d0b       0x73 Core/Src/Lcd/Fonts/font12.o
 .debug_macro   0x0000000000015d7e       0x73 Core/Src/Lcd/Fonts/font16.o
 .debug_macro   0x0000000000015df1       0x73 Core/Src/Lcd/Fonts/font20.o
 .debug_macro   0x0000000000015e64       0x73 Core/Src/Lcd/Fonts/font24.o
 .debug_macro   0x0000000000015ed7       0x73 Core/Src/Lcd/Fonts/font8.o
 .debug_macro   0x0000000000015f4a      0x370 Core/Src/Lcd/ili9488.o
 .debug_macro   0x00000000000162ba       0xc3 Core/Src/Lcd/ili9488.o