ili9488.c:223:6:ili9488_Init	8	static
ili9488.c:279:6:ili9488_DisplayOn	8	static
ili9488.c:293:6:ili9488_DisplayOff	8	static
ili9488.c:307:10:ili9488_GetLcdPixelWidth	4	static
ili9488.c:318:10:ili9488_GetLcdPixelHeight	4	static
ili9488.c:329:10:ili9488_ReadID	16	static
ili9488.c:361:6:ili9488_SetCursor	16	static
ili9488.c:387:6:ili9488_WritePixel	16	static
ili9488.c:406:10:ili9488_ReadPixel	24	static
ili9488.c:430:6:ili9488_SetDisplayWindow	24	static
ili9488.c:466:6:ili9488_DrawHLine	32	static
ili9488.c:480:6:ili9488_DrawVLine	32	static
ili9488.c:495:6:ili9488_FillRect	24	static
ili9488.c:519:6:ili9488_DrawBitmap	24	static
ili9488.c:564:6:ili9488_DrawRGBImage	32	static
ili9488.c:596:6:ili9488_ReadRGBImage	32	static
ili9488.c:618:6:ili9488_Scroll	16	static
ili9488.c:730:6:ili9488_ts_Init	16	static
ili9488.c:738:9:ili9488_ts_DetectTouch	40	static
ili9488.c:791:6:ili9488_ts_GetXY	24	static
