lcdts_io_gpio8.c:297:6:LCD_IO_Delay	16	static
lcdts_io_gpio8.c:308:6:LCD_Delay	16	static
lcdts_io_gpio8.c:314:6:LCD_IO_Bl_OnOff	16	static
lcdts_io_gpio8.c:325:6:LCD_IO_Init	8	static
lcdts_io_gpio8.c:410:6:LCD_IO_WriteCmd8	16	static
lcdts_io_gpio8.c:418:6:LCD_IO_WriteCmd16	16	static
lcdts_io_gpio8.c:426:6:LCD_IO_WriteData8	16	static
lcdts_io_gpio8.c:434:6:LCD_IO_WriteData16	16	static
lcdts_io_gpio8.c:442:6:LCD_IO_WriteCmd8DataFill16	16	static
lcdts_io_gpio8.c:454:6:LCD_IO_WriteCmd8MultipleData8	24	static
lcdts_io_gpio8.c:468:6:LCD_IO_WriteCmd8MultipleData16	24	static
lcdts_io_gpio8.c:481:6:LCD_IO_WriteCmd16DataFill16	16	static
lcdts_io_gpio8.c:493:6:LCD_IO_WriteCmd16MultipleData8	24	static
lcdts_io_gpio8.c:506:6:LCD_IO_WriteCmd16MultipleData16	24	static
lcdts_io_gpio8.c:520:6:LCD_IO_ReadCmd8MultipleData8	32	static
lcdts_io_gpio8.c:539:6:LCD_IO_ReadCmd8MultipleData16	32	static
lcdts_io_gpio8.c:559:6:LCD_IO_ReadCmd8MultipleData24to16	32	static
lcdts_io_gpio8.c:584:6:LCD_IO_ReadCmd16MultipleData8	32	static
lcdts_io_gpio8.c:603:6:LCD_IO_ReadCmd16MultipleData16	32	static
lcdts_io_gpio8.c:622:6:LCD_IO_ReadCmd16MultipleData24to16	32	static
lcdts_io_gpio8.c:658:9:TS_IO_DetectToch	16	static
lcdts_io_gpio8.c:687:10:TS_IO_GetX	16	static
lcdts_io_gpio8.c:712:10:TS_IO_GetY	16	static
lcdts_io_gpio8.c:737:10:TS_IO_GetZ1	16	static
lcdts_io_gpio8.c:762:10:TS_IO_GetZ2	16	static
